<html>
<body>
<pre>
<h1>µVision Build Log</h1>
<h2>Tool Versions:</h2>
IDE-Version: ¦ÌVision V5.20.0.0
Copyright (C) 2016 ARM Ltd and ARM Germany GmbH. All rights reserved.
License Information: li chengxiang, Microsoft, LIC=GE745-GJKAC-FZTWU-S2X8U-SB4KS-WMEYC
 
Tool Versions:
Toolchain:       MDK-ARM Professional  Version: 5.20
Toolchain Path:  D:\Keil_v5\ARM\ARMCC\Bin
C Compiler:      Armcc.exe V5.06 update 2 (build 183)
Assembler:       Armasm.exe V5.06 update 2 (build 183)
Linker/Locator:  ArmLink.exe V5.06 update 2 (build 183)
Library Manager: ArmAr.exe V5.06 update 2 (build 183)
Hex Converter:   FromElf.exe V5.06 update 2 (build 183)
CPU DLL:         SARMCM3.DLL V5.20
Dialog DLL:      DCM.DLL V1.13.7.0
Target DLL:      STLink\ST-LINKIII-KEIL_SWO.dll V2.0.18.0
Dialog DLL:      TCM.DLL V1.14.9.0
 
<h2>Project:</h2>
E:\STM32ClubMX\New-Project\uart1Time20707\MDK-ARM\uart1Time20707.uvprojx
Project File Date:  07/07/2017

<h2>Output:</h2>
*** Using Compiler 'V5.06 update 2 (build 183)', folder: 'D:\Keil_v5\ARM\ARMCC\Bin'
Rebuild target 'uart1Time20707'
assembling startup_stm32f103xe.s...
compiling stm32f1xx_hal_flash_ex.c...
compiling system_stm32f1xx.c...
compiling stm32f1xx_hal_rcc_ex.c...
compiling stm32f1xx_hal_cortex.c...
compiling stm32f1xx_hal_flash.c...
compiling stm32f1xx_hal_uart.c...
compiling stm32f1xx_hal_gpio_ex.c...
compiling stm32f1xx_hal.c...
compiling stm32f1xx_hal_tim.c...
compiling stm32f1xx_hal_tim_ex.c...
compiling stm32f1xx_hal_gpio.c...
compiling stm32f1xx_hal_dma.c...
compiling stm32f1xx_hal_pwr.c...
compiling usart.c...
compiling stm32f1xx_hal_rcc.c...
compiling tim.c...
compiling main.c...
compiling gpio.c...
compiling stm32f1xx_hal_msp.c...
compiling myuart1.c...
..\USER\myuart1.c(10): warning:  #177-D: variable "ucTailByte" was declared but never referenced
  	uint8_t ucHeadHightByte,ucHeadLowByte,ucTailByte,ucModuleAdd,ucCmdlength,ucData,ucCheckSum;
..\USER\myuart1.c(10): warning:  #177-D: variable "ucModuleAdd" was declared but never referenced
  	uint8_t ucHeadHightByte,ucHeadLowByte,ucTailByte,ucModuleAdd,ucCmdlength,ucData,ucCheckSum;
..\USER\myuart1.c(10): warning:  #177-D: variable "ucCmdlength" was declared but never referenced
  	uint8_t ucHeadHightByte,ucHeadLowByte,ucTailByte,ucModuleAdd,ucCmdlength,ucData,ucCheckSum;
..\USER\myuart1.c(10): warning:  #177-D: variable "ucData" was declared but never referenced
  	uint8_t ucHeadHightByte,ucHeadLowByte,ucTailByte,ucModuleAdd,ucCmdlength,ucData,ucCheckSum;
..\USER\myuart1.c(10): warning:  #177-D: variable "ucCheckSum" was declared but never referenced
  	uint8_t ucHeadHightByte,ucHeadLowByte,ucTailByte,ucModuleAdd,ucCmdlength,ucData,ucCheckSum;
..\USER\myuart1.c: 5 warnings, 0 errors
compiling stm32f1xx_it.c...
linking...
Program Size: Code=6372 RO-data=360 RW-data=40 ZI-data=1184  
"uart1Time20707\uart1Time20707.axf" - 0 Error(s), 5 Warning(s).

<h2>Software Packages used:</h2>

Package Vendor: ARM
                http://www.keil.com/pack/ARM.CMSIS.4.5.0.pack
                ARM::CMSIS:CORE:4.3.0
                CMSIS (Cortex Microcontroller Software Interface Standard)
   * Component: CORE Version: 4.3.0

<h2>Collection of Component include folders:</h2>
  E:\STM32ClubMX\New-Project\uart1Time20707\MDK-ARM\RTE
  D:\Keil_v5\ARM\PACK\ARM\CMSIS\4.5.0\CMSIS\Include
  D:\Keil_v5\ARM\PACK\Keil\STM32F1xx_DFP\2.2.0\Device\Include

<h2>Collection of Component Files used:</h2>

   * Component: ARM::CMSIS:CORE:4.3.0
Build Time Elapsed:  00:00:12
</pre>
</body>
</html>
