Component: ARM Compiler 5.06 update 2 (build 183) Tool: armlink [4d35b7]

==============================================================================

Section Cross References

    sd_diskio.o(i.SD_initialize) refers to bsp_driver_sd.o(i.BSP_SD_Init) for BSP_SD_Init
    sd_diskio.o(i.SD_initialize) refers to sd_diskio.o(.data) for .data
    sd_diskio.o(i.SD_ioctl) refers to bsp_driver_sd.o(i.BSP_SD_GetCardInfo) for BSP_SD_GetCardInfo
    sd_diskio.o(i.SD_ioctl) refers to sd_diskio.o(.data) for .data
    sd_diskio.o(i.SD_read) refers to bsp_driver_sd.o(i.BSP_SD_ReadBlocks) for BSP_SD_ReadBlocks
    sd_diskio.o(i.SD_status) refers to bsp_driver_sd.o(i.BSP_SD_GetStatus) for BSP_SD_GetStatus
    sd_diskio.o(i.SD_status) refers to sd_diskio.o(.data) for .data
    sd_diskio.o(i.SD_write) refers to bsp_driver_sd.o(i.BSP_SD_WriteBlocks) for BSP_SD_WriteBlocks
    sd_diskio.o(.constdata) refers to sd_diskio.o(i.SD_initialize) for SD_initialize
    sd_diskio.o(.constdata) refers to sd_diskio.o(i.SD_status) for SD_status
    sd_diskio.o(.constdata) refers to sd_diskio.o(i.SD_read) for SD_read
    sd_diskio.o(.constdata) refers to sd_diskio.o(i.SD_write) for SD_write
    sd_diskio.o(.constdata) refers to sd_diskio.o(i.SD_ioctl) for SD_ioctl
    ff.o(i.check_fs) refers to ff.o(i.move_window) for move_window
    ff.o(i.chk_lock) refers to ff.o(.bss) for .bss
    ff.o(i.clear_lock) refers to ff.o(.bss) for .bss
    ff.o(i.create_chain) refers to ff.o(i.get_fat) for get_fat
    ff.o(i.create_chain) refers to ff.o(i.put_fat) for put_fat
    ff.o(i.create_name) refers to ff.o(i.mem_set) for mem_set
    ff.o(i.create_name) refers to ff.o(.constdata) for .constdata
    ff.o(i.dec_lock) refers to ff.o(.bss) for .bss
    ff.o(i.dir_next) refers to ff.o(i.get_fat) for get_fat
    ff.o(i.dir_next) refers to ff.o(i.create_chain) for create_chain
    ff.o(i.dir_next) refers to ff.o(i.sync_window) for sync_window
    ff.o(i.dir_next) refers to ff.o(i.mem_set) for mem_set
    ff.o(i.dir_next) refers to ff.o(i.clust2sect) for clust2sect
    ff.o(i.dir_read) refers to ff.o(i.move_window) for move_window
    ff.o(i.dir_read) refers to ff.o(i.dir_next) for dir_next
    ff.o(i.dir_register) refers to ff.o(i.dir_sdi) for dir_sdi
    ff.o(i.dir_register) refers to ff.o(i.move_window) for move_window
    ff.o(i.dir_register) refers to ff.o(i.dir_next) for dir_next
    ff.o(i.dir_register) refers to ff.o(i.mem_set) for mem_set
    ff.o(i.dir_register) refers to ff.o(i.mem_cpy) for mem_cpy
    ff.o(i.dir_remove) refers to ff.o(i.dir_sdi) for dir_sdi
    ff.o(i.dir_remove) refers to ff.o(i.move_window) for move_window
    ff.o(i.dir_remove) refers to ff.o(i.mem_set) for mem_set
    ff.o(i.dir_sdi) refers to ff.o(i.get_fat) for get_fat
    ff.o(i.dir_sdi) refers to ff.o(i.clust2sect) for clust2sect
    ff.o(i.f_chdir) refers to ff.o(i.find_volume) for find_volume
    ff.o(i.f_chdir) refers to ff.o(i.follow_path) for follow_path
    ff.o(i.f_chdir) refers to ff.o(i.ld_clust) for ld_clust
    ff.o(i.f_chdrive) refers to ff.o(i.get_ldnumber) for get_ldnumber
    ff.o(i.f_chdrive) refers to ff.o(.data) for .data
    ff.o(i.f_chmod) refers to ff.o(i.find_volume) for find_volume
    ff.o(i.f_chmod) refers to ff.o(i.follow_path) for follow_path
    ff.o(i.f_chmod) refers to ff.o(i.sync_fs) for sync_fs
    ff.o(i.f_close) refers to ff.o(i.f_sync) for f_sync
    ff.o(i.f_close) refers to ff.o(i.validate) for validate
    ff.o(i.f_close) refers to ff.o(i.dec_lock) for dec_lock
    ff.o(i.f_closedir) refers to ff.o(i.validate) for validate
    ff.o(i.f_closedir) refers to ff.o(i.dec_lock) for dec_lock
    ff.o(i.f_getcwd) refers to ff.o(i.find_volume) for find_volume
    ff.o(i.f_getcwd) refers to ff.o(i.dir_sdi) for dir_sdi
    ff.o(i.f_getcwd) refers to ff.o(i.dir_read) for dir_read
    ff.o(i.f_getcwd) refers to ff.o(i.ld_clust) for ld_clust
    ff.o(i.f_getcwd) refers to ff.o(i.dir_next) for dir_next
    ff.o(i.f_getcwd) refers to ff.o(i.get_fileinfo) for get_fileinfo
    ff.o(i.f_getcwd) refers to ff.o(.data) for .data
    ff.o(i.f_getfree) refers to ff.o(i.find_volume) for find_volume
    ff.o(i.f_getfree) refers to ff.o(i.get_fat) for get_fat
    ff.o(i.f_getfree) refers to ff.o(i.move_window) for move_window
    ff.o(i.f_gets) refers to ff.o(i.f_read) for f_read
    ff.o(i.f_lseek) refers to ff.o(i.validate) for validate
    ff.o(i.f_lseek) refers to ff.o(i.clmt_clust) for clmt_clust
    ff.o(i.f_lseek) refers to ff.o(i.clust2sect) for clust2sect
    ff.o(i.f_lseek) refers to diskio.o(i.disk_write) for disk_write
    ff.o(i.f_lseek) refers to ff.o(i.get_fat) for get_fat
    ff.o(i.f_lseek) refers to diskio.o(i.disk_read) for disk_read
    ff.o(i.f_lseek) refers to ff.o(i.create_chain) for create_chain
    ff.o(i.f_mkdir) refers to fatfs.o(i.get_fattime) for get_fattime
    ff.o(i.f_mkdir) refers to ff.o(i.find_volume) for find_volume
    ff.o(i.f_mkdir) refers to ff.o(i.follow_path) for follow_path
[...]
    Removing stm32f1xx_hal_sd.o(i.HAL_SD_CheckReadOperation), (94 bytes).
    Removing stm32f1xx_hal_sd.o(i.HAL_SD_CheckWriteOperation), (108 bytes).
    Removing stm32f1xx_hal_sd.o(i.HAL_SD_DMA_RxCpltCallback), (2 bytes).
    Removing stm32f1xx_hal_sd.o(i.HAL_SD_DMA_RxErrorCallback), (2 bytes).
    Removing stm32f1xx_hal_sd.o(i.HAL_SD_DMA_TxCpltCallback), (2 bytes).
    Removing stm32f1xx_hal_sd.o(i.HAL_SD_DMA_TxErrorCallback), (2 bytes).
    Removing stm32f1xx_hal_sd.o(i.HAL_SD_DeInit), (20 bytes).
    Removing stm32f1xx_hal_sd.o(i.HAL_SD_GetCardStatus), (114 bytes).
    Removing stm32f1xx_hal_sd.o(i.HAL_SD_HighSpeed), (320 bytes).
    Removing stm32f1xx_hal_sd.o(i.HAL_SD_MspDeInit), (2 bytes).
    Removing stm32f1xx_hal_sd.o(i.HAL_SD_MspInit), (2 bytes).
    Removing stm32f1xx_hal_sd.o(i.HAL_SD_ReadBlocks_DMA), (256 bytes).
    Removing stm32f1xx_hal_sd.o(i.HAL_SD_SendSDStatus), (312 bytes).
    Removing stm32f1xx_hal_sd.o(i.HAL_SD_WriteBlocks_DMA), (260 bytes).
    Removing stm32f1xx_hal_sd.o(i.SD_DMA_RxCplt), (22 bytes).
    Removing stm32f1xx_hal_sd.o(i.SD_DMA_RxError), (12 bytes).
    Removing stm32f1xx_hal_sd.o(i.SD_DMA_TxCplt), (22 bytes).
    Removing stm32f1xx_hal_sd.o(i.SD_DMA_TxError), (12 bytes).
    Removing stm32f1xx_hal_tim.o(.rev16_text), (4 bytes).
    Removing stm32f1xx_hal_tim.o(.revsh_text), (4 bytes).
    Removing stm32f1xx_hal_tim.o(.rrx_text), (6 bytes).
    Removing stm32f1xx_hal_pwr.o(.rev16_text), (4 bytes).
    Removing stm32f1xx_hal_pwr.o(.revsh_text), (4 bytes).
    Removing stm32f1xx_hal_pwr.o(.rrx_text), (6 bytes).
    Removing stm32f1xx_hal_pwr.o(i.HAL_PWR_ConfigPVD), (124 bytes).
    Removing stm32f1xx_hal_pwr.o(i.HAL_PWR_DeInit), (24 bytes).
    Removing stm32f1xx_hal_pwr.o(i.HAL_PWR_DisableBkUpAccess), (28 bytes).
    Removing stm32f1xx_hal_pwr.o(i.HAL_PWR_DisablePVD), (24 bytes).
    Removing stm32f1xx_hal_pwr.o(i.HAL_PWR_DisableSEVOnPend), (16 bytes).
    Removing stm32f1xx_hal_pwr.o(i.HAL_PWR_DisableSleepOnExit), (16 bytes).
    Removing stm32f1xx_hal_pwr.o(i.HAL_PWR_DisableWakeUpPin), (28 bytes).
    Removing stm32f1xx_hal_pwr.o(i.HAL_PWR_EnableBkUpAccess), (24 bytes).
    Removing stm32f1xx_hal_pwr.o(i.HAL_PWR_EnablePVD), (24 bytes).
    Removing stm32f1xx_hal_pwr.o(i.HAL_PWR_EnableSEVOnPend), (16 bytes).
    Removing stm32f1xx_hal_pwr.o(i.HAL_PWR_EnableSleepOnExit), (16 bytes).
    Removing stm32f1xx_hal_pwr.o(i.HAL_PWR_EnableWakeUpPin), (28 bytes).
    Removing stm32f1xx_hal_pwr.o(i.HAL_PWR_EnterSLEEPMode), (32 bytes).
    Removing stm32f1xx_hal_pwr.o(i.HAL_PWR_EnterSTANDBYMode), (32 bytes).
    Removing stm32f1xx_hal_pwr.o(i.HAL_PWR_EnterSTOPMode), (68 bytes).
    Removing stm32f1xx_hal_pwr.o(i.HAL_PWR_PVDCallback), (2 bytes).
    Removing stm32f1xx_hal_pwr.o(i.HAL_PWR_PVD_IRQHandler), (28 bytes).
    Removing stm32f1xx_hal_pwr.o(i.PWR_OverloadWfe), (6 bytes).
    Removing stm32f1xx_hal_flash_ex.o(.rev16_text), (4 bytes).
    Removing stm32f1xx_hal_flash_ex.o(.revsh_text), (4 bytes).
    Removing stm32f1xx_hal_flash_ex.o(.rrx_text), (6 bytes).
    Removing stm32f1xx_hal_flash_ex.o(i.FLASH_MassErase), (36 bytes).
    Removing stm32f1xx_hal_flash_ex.o(i.FLASH_OB_DisableWRP), (176 bytes).
    Removing stm32f1xx_hal_flash_ex.o(i.FLASH_OB_EnableWRP), (176 bytes).
    Removing stm32f1xx_hal_flash_ex.o(i.FLASH_OB_GetRDP), (24 bytes).
    Removing stm32f1xx_hal_flash_ex.o(i.FLASH_OB_RDP_LevelConfig), (100 bytes).
    Removing stm32f1xx_hal_flash_ex.o(i.FLASH_PageErase), (36 bytes).
    Removing stm32f1xx_hal_flash_ex.o(i.HAL_FLASHEx_Erase), (168 bytes).
    Removing stm32f1xx_hal_flash_ex.o(i.HAL_FLASHEx_Erase_IT), (84 bytes).
    Removing stm32f1xx_hal_flash_ex.o(i.HAL_FLASHEx_OBErase), (84 bytes).
    Removing stm32f1xx_hal_flash_ex.o(i.HAL_FLASHEx_OBGetConfig), (48 bytes).
    Removing stm32f1xx_hal_flash_ex.o(i.HAL_FLASHEx_OBGetUserData), (48 bytes).
    Removing stm32f1xx_hal_flash_ex.o(i.HAL_FLASHEx_OBProgram), (200 bytes).
    Removing stm32f1xx_hal_spi_ex.o(.rev16_text), (4 bytes).
    Removing stm32f1xx_hal_spi_ex.o(.revsh_text), (4 bytes).
    Removing stm32f1xx_hal_spi_ex.o(.rrx_text), (6 bytes).
    Removing stm32f1xx_hal_spi_ex.o(i.SPI_ISCRCErrorValid), (32 bytes).
    Removing stm32f1xx_hal_flash.o(.rev16_text), (4 bytes).
    Removing stm32f1xx_hal_flash.o(.revsh_text), (4 bytes).
    Removing stm32f1xx_hal_flash.o(.rrx_text), (6 bytes).
    Removing stm32f1xx_hal_flash.o(i.FLASH_Program_HalfWord), (28 bytes).
    Removing stm32f1xx_hal_flash.o(i.FLASH_SetErrorCode), (68 bytes).
    Removing stm32f1xx_hal_flash.o(i.FLASH_WaitForLastOperation), (84 bytes).
    Removing stm32f1xx_hal_flash.o(i.HAL_FLASH_EndOfOperationCallback), (2 bytes).
    Removing stm32f1xx_hal_flash.o(i.HAL_FLASH_GetError), (12 bytes).
    Removing stm32f1xx_hal_flash.o(i.HAL_FLASH_IRQHandler), (264 bytes).
    Removing stm32f1xx_hal_flash.o(i.HAL_FLASH_Lock), (20 bytes).
    Removing stm32f1xx_hal_flash.o(i.HAL_FLASH_OB_Launch), (10 bytes).
    Removing stm32f1xx_hal_flash.o(i.HAL_FLASH_OB_Lock), (20 bytes).
    Removing stm32f1xx_hal_flash.o(i.HAL_FLASH_OB_Unlock), (36 bytes).
    Removing stm32f1xx_hal_flash.o(i.HAL_FLASH_OperationErrorCallback), (2 bytes).
    Removing stm32f1xx_hal_flash.o(i.HAL_FLASH_Program), (128 bytes).
    Removing stm32f1xx_hal_flash.o(i.HAL_FLASH_Program_IT), (100 bytes).
    Removing stm32f1xx_hal_flash.o(i.HAL_FLASH_Unlock), (36 bytes).
    Removing stm32f1xx_hal_flash.o(.bss), (32 bytes).
    Removing stm32f1xx_hal_cortex.o(.rev16_text), (4 bytes).
    Removing stm32f1xx_hal_cortex.o(.revsh_text), (4 bytes).
    Removing stm32f1xx_hal_cortex.o(.rrx_text), (6 bytes).
    Removing stm32f1xx_hal_cortex.o(i.HAL_NVIC_ClearPendingIRQ), (22 bytes).
    Removing stm32f1xx_hal_cortex.o(i.HAL_NVIC_DisableIRQ), (22 bytes).
    Removing stm32f1xx_hal_cortex.o(i.HAL_NVIC_GetActive), (32 bytes).
    Removing stm32f1xx_hal_cortex.o(i.HAL_NVIC_GetPendingIRQ), (32 bytes).
    Removing stm32f1xx_hal_cortex.o(i.HAL_NVIC_GetPriority), (82 bytes).
    Removing stm32f1xx_hal_cortex.o(i.HAL_NVIC_GetPriorityGrouping), (16 bytes).
    Removing stm32f1xx_hal_cortex.o(i.HAL_NVIC_SetPendingIRQ), (22 bytes).
    Removing stm32f1xx_hal_cortex.o(i.HAL_NVIC_SystemReset), (36 bytes).
    Removing stm32f1xx_hal_tim_ex.o(.rev16_text), (4 bytes).
    Removing stm32f1xx_hal_tim_ex.o(.revsh_text), (4 bytes).
    Removing stm32f1xx_hal_tim_ex.o(.rrx_text), (6 bytes).
    Removing stm32f1xx_hal_dma.o(.rev16_text), (4 bytes).
    Removing stm32f1xx_hal_dma.o(.revsh_text), (4 bytes).
    Removing stm32f1xx_hal_dma.o(.rrx_text), (6 bytes).
    Removing stm32f1xx_hal_dma.o(i.DMA_SetConfig), (30 bytes).
    Removing stm32f1xx_hal_dma.o(i.HAL_DMA_Abort), (86 bytes).
    Removing stm32f1xx_hal_dma.o(i.HAL_DMA_DeInit), (680 bytes).
    Removing stm32f1xx_hal_dma.o(i.HAL_DMA_GetError), (4 bytes).
    Removing stm32f1xx_hal_dma.o(i.HAL_DMA_GetState), (6 bytes).
    Removing stm32f1xx_hal_dma.o(i.HAL_DMA_PollForTransfer), (1148 bytes).
    Removing stm32f1xx_hal_dma.o(i.HAL_DMA_Start), (58 bytes).
    Removing stm32f1xx_hal_dma.o(i.HAL_DMA_Start_IT), (88 bytes).
    Removing stm32f1xx_hal_spi.o(.rev16_text), (4 bytes).
    Removing stm32f1xx_hal_spi.o(.revsh_text), (4 bytes).
    Removing stm32f1xx_hal_spi.o(.rrx_text), (6 bytes).
    Removing stm32f1xx_hal_spi.o(i.HAL_SPI_DMAPause), (48 bytes).
    Removing stm32f1xx_hal_spi.o(i.HAL_SPI_DMAResume), (48 bytes).
    Removing stm32f1xx_hal_spi.o(i.HAL_SPI_DMAStop), (50 bytes).
    Removing stm32f1xx_hal_spi.o(i.HAL_SPI_DeInit), (46 bytes).
    Removing stm32f1xx_hal_spi.o(i.HAL_SPI_ErrorCallback), (2 bytes).
    Removing stm32f1xx_hal_spi.o(i.HAL_SPI_GetError), (4 bytes).
    Removing stm32f1xx_hal_spi.o(i.HAL_SPI_GetState), (6 bytes).
    Removing stm32f1xx_hal_spi.o(i.HAL_SPI_IRQHandler), (176 bytes).
    Removing stm32f1xx_hal_spi.o(i.HAL_SPI_Init), (122 bytes).
    Removing stm32f1xx_hal_spi.o(i.HAL_SPI_MspDeInit), (2 bytes).
    Removing stm32f1xx_hal_spi.o(i.HAL_SPI_MspInit), (2 bytes).
    Removing stm32f1xx_hal_spi.o(i.HAL_SPI_Receive), (492 bytes).
    Removing stm32f1xx_hal_spi.o(i.HAL_SPI_Receive_DMA), (224 bytes).
    Removing stm32f1xx_hal_spi.o(i.HAL_SPI_Receive_IT), (180 bytes).
    Removing stm32f1xx_hal_spi.o(i.HAL_SPI_RxCpltCallback), (2 bytes).
    Removing stm32f1xx_hal_spi.o(i.HAL_SPI_RxHalfCpltCallback), (2 bytes).
    Removing stm32f1xx_hal_spi.o(i.HAL_SPI_Transmit), (326 bytes).
    Removing stm32f1xx_hal_spi.o(i.HAL_SPI_TransmitReceive), (690 bytes).
    Removing stm32f1xx_hal_spi.o(i.HAL_SPI_TransmitReceive_DMA), (272 bytes).
    Removing stm32f1xx_hal_spi.o(i.HAL_SPI_TransmitReceive_IT), (172 bytes).
    Removing stm32f1xx_hal_spi.o(i.HAL_SPI_Transmit_DMA), (192 bytes).
    Removing stm32f1xx_hal_spi.o(i.HAL_SPI_Transmit_IT), (164 bytes).
    Removing stm32f1xx_hal_spi.o(i.HAL_SPI_TxCpltCallback), (2 bytes).
    Removing stm32f1xx_hal_spi.o(i.HAL_SPI_TxHalfCpltCallback), (2 bytes).
    Removing stm32f1xx_hal_spi.o(i.HAL_SPI_TxRxCpltCallback), (2 bytes).
    Removing stm32f1xx_hal_spi.o(i.HAL_SPI_TxRxHalfCpltCallback), (2 bytes).
    Removing stm32f1xx_hal_spi.o(i.SPI_2LinesRxISR), (44 bytes).
    Removing stm32f1xx_hal_spi.o(i.SPI_DMAError), (30 bytes).
    Removing stm32f1xx_hal_spi.o(i.SPI_DMAHalfReceiveCplt), (10 bytes).
    Removing stm32f1xx_hal_spi.o(i.SPI_DMAHalfTransmitCplt), (10 bytes).
    Removing stm32f1xx_hal_spi.o(i.SPI_DMAHalfTransmitReceiveCplt), (10 bytes).
    Removing stm32f1xx_hal_spi.o(i.SPI_DMAReceiveCplt), (218 bytes).
    Removing stm32f1xx_hal_spi.o(i.SPI_DMATransmitCplt), (108 bytes).
    Removing stm32f1xx_hal_spi.o(i.SPI_DMATransmitReceiveCplt), (190 bytes).
    Removing stm32f1xx_hal_spi.o(i.SPI_ISCRCErrorValid), (4 bytes).
    Removing stm32f1xx_hal_spi.o(i.SPI_RxCloseIRQHandler), (246 bytes).
    Removing stm32f1xx_hal_spi.o(i.SPI_RxISR), (70 bytes).
    Removing stm32f1xx_hal_spi.o(i.SPI_TxCloseIRQHandler), (130 bytes).
    Removing stm32f1xx_hal_spi.o(i.SPI_TxISR), (66 bytes).
    Removing stm32f1xx_hal_spi.o(i.SPI_WaitOnFlagUntilTimeout), (158 bytes).
    Removing stm32f1xx_hal_uart.o(.rev16_text), (4 bytes).
    Removing stm32f1xx_hal_uart.o(.revsh_text), (4 bytes).
    Removing stm32f1xx_hal_uart.o(.rrx_text), (6 bytes).
    Removing stm32f1xx_hal_uart.o(i.HAL_HalfDuplex_EnableReceiver), (46 bytes).
    Removing stm32f1xx_hal_uart.o(i.HAL_HalfDuplex_EnableTransmitter), (48 bytes).
    Removing stm32f1xx_hal_uart.o(i.HAL_HalfDuplex_Init), (104 bytes).
    Removing stm32f1xx_hal_uart.o(i.HAL_LIN_Init), (118 bytes).
    Removing stm32f1xx_hal_uart.o(i.HAL_LIN_SendBreak), (44 bytes).
    Removing stm32f1xx_hal_uart.o(i.HAL_MultiProcessor_EnterMuteMode), (44 bytes).
    Removing stm32f1xx_hal_uart.o(i.HAL_MultiProcessor_ExitMuteMode), (44 bytes).
    Removing stm32f1xx_hal_uart.o(i.HAL_MultiProcessor_Init), (126 bytes).
    Removing stm32f1xx_hal_uart.o(i.HAL_UART_DMAPause), (90 bytes).
    Removing stm32f1xx_hal_uart.o(i.HAL_UART_DMAResume), (104 bytes).
    Removing stm32f1xx_hal_uart.o(i.HAL_UART_DMAStop), (40 bytes).
    Removing stm32f1xx_hal_uart.o(i.HAL_UART_DeInit), (60 bytes).
    Removing stm32f1xx_hal_uart.o(i.HAL_UART_GetError), (4 bytes).
    Removing stm32f1xx_hal_uart.o(i.HAL_UART_GetState), (6 bytes).
    Removing stm32f1xx_hal_uart.o(i.HAL_UART_MspDeInit), (2 bytes).
    Removing stm32f1xx_hal_uart.o(i.HAL_UART_MspInit), (2 bytes).
    Removing stm32f1xx_hal_uart.o(i.HAL_UART_Receive), (204 bytes).
    Removing stm32f1xx_hal_uart.o(i.HAL_UART_Receive_DMA), (136 bytes).
    Removing stm32f1xx_hal_uart.o(i.HAL_UART_Receive_IT), (106 bytes).
    Removing stm32f1xx_hal_uart.o(i.HAL_UART_RxHalfCpltCallback), (2 bytes).
    Removing stm32f1xx_hal_uart.o(i.HAL_UART_Transmit_DMA), (144 bytes).
    Removing stm32f1xx_hal_uart.o(i.HAL_UART_Transmit_IT), (86 bytes).
    Removing stm32f1xx_hal_uart.o(i.HAL_UART_TxHalfCpltCallback), (2 bytes).
    Removing stm32f1xx_hal_uart.o(i.UART_DMAError), (30 bytes).
    Removing stm32f1xx_hal_uart.o(i.UART_DMAReceiveCplt), (54 bytes).
    Removing stm32f1xx_hal_uart.o(i.UART_DMARxHalfCplt), (10 bytes).
    Removing stm32f1xx_hal_uart.o(i.UART_DMATransmitCplt), (46 bytes).
    Removing stm32f1xx_hal_uart.o(i.UART_DMATxHalfCplt), (10 bytes).
    Removing stm32f1xx_hal_rcc.o(.rev16_text), (4 bytes).
    Removing stm32f1xx_hal_rcc.o(.revsh_text), (4 bytes).
    Removing stm32f1xx_hal_rcc.o(.rrx_text), (6 bytes).
    Removing stm32f1xx_hal_rcc.o(i.HAL_RCC_CSSCallback), (2 bytes).
    Removing stm32f1xx_hal_rcc.o(i.HAL_RCC_DeInit), (84 bytes).
    Removing stm32f1xx_hal_rcc.o(i.HAL_RCC_DisableCSS), (28 bytes).
    Removing stm32f1xx_hal_rcc.o(i.HAL_RCC_EnableCSS), (24 bytes).
    Removing stm32f1xx_hal_rcc.o(i.HAL_RCC_GetClockConfig), (64 bytes).
    Removing stm32f1xx_hal_rcc.o(i.HAL_RCC_GetOscConfig), (156 bytes).
    Removing stm32f1xx_hal_rcc.o(i.HAL_RCC_MCOConfig), (72 bytes).
    Removing stm32f1xx_hal_rcc.o(i.HAL_RCC_NMI_IRQHandler), (24 bytes).
    Removing stm32f1xx_hal_rcc_ex.o(.rev16_text), (4 bytes).
    Removing stm32f1xx_hal_rcc_ex.o(.revsh_text), (4 bytes).
    Removing stm32f1xx_hal_rcc_ex.o(.rrx_text), (6 bytes).
    Removing stm32f1xx_hal_rcc_ex.o(i.HAL_RCCEx_GetPeriphCLKConfig), (52 bytes).
    Removing stm32f1xx_hal_rcc_ex.o(i.HAL_RCCEx_GetPeriphCLKFreq), (256 bytes).
    Removing stm32f1xx_hal_rcc_ex.o(i.HAL_RCCEx_PeriphCLKConfig), (300 bytes).
    Removing stm32f1xx_ll_sdmmc.o(.rev16_text), (4 bytes).
    Removing stm32f1xx_ll_sdmmc.o(.revsh_text), (4 bytes).
    Removing stm32f1xx_ll_sdmmc.o(.rrx_text), (6 bytes).
    Removing stm32f1xx_ll_sdmmc.o(i.SDIO_GetDataCounter), (4 bytes).
    Removing stm32f1xx_ll_sdmmc.o(i.SDIO_GetFIFOCount), (6 bytes).
    Removing stm32f1xx_ll_sdmmc.o(i.SDIO_PowerState_OFF), (8 bytes).
    Removing stm32f1xx_ll_sdmmc.o(i.SDIO_SetSDIOReadWaitMode), (20 bytes).
    Removing stm32f1xx_hal_gpio.o(.rev16_text), (4 bytes).
    Removing stm32f1xx_hal_gpio.o(.revsh_text), (4 bytes).
    Removing stm32f1xx_hal_gpio.o(.rrx_text), (6 bytes).
    Removing stm32f1xx_hal_gpio.o(i.HAL_GPIO_DeInit), (256 bytes).
    Removing stm32f1xx_hal_gpio.o(i.HAL_GPIO_EXTI_Callback), (2 bytes).
    Removing stm32f1xx_hal_gpio.o(i.HAL_GPIO_EXTI_IRQHandler), (24 bytes).
    Removing stm32f1xx_hal_gpio.o(i.HAL_GPIO_LockPin), (34 bytes).
    Removing stm32f1xx_hal_gpio.o(i.HAL_GPIO_ReadPin), (10 bytes).
    Removing stm32f1xx_hal_gpio.o(i.HAL_GPIO_TogglePin), (8 bytes).
    Removing stm32f1xx_hal_gpio.o(i.HAL_GPIO_WritePin), (10 bytes).
    Removing stm32f1xx_hal_gpio_ex.o(.rev16_text), (4 bytes).
    Removing stm32f1xx_hal_gpio_ex.o(.revsh_text), (4 bytes).
    Removing stm32f1xx_hal_gpio_ex.o(.rrx_text), (6 bytes).
    Removing stm32f1xx_hal_gpio_ex.o(i.HAL_GPIOEx_ConfigEventout), (20 bytes).
    Removing stm32f1xx_hal_gpio_ex.o(i.HAL_GPIOEx_DisableEventout), (16 bytes).
    Removing stm32f1xx_hal_gpio_ex.o(i.HAL_GPIOEx_EnableEventout), (16 bytes).
    Removing dadd.o(.text), (334 bytes).
    Removing dmul.o(.text), (228 bytes).
    Removing ddiv.o(.text), (222 bytes).
    Removing dfixul.o(.text), (48 bytes).
    Removing cdrcmple.o(.text), (48 bytes).
    Removing depilogue.o(.text), (186 bytes).

379 unused section(s) (total 28100 bytes) removed from the image.

==============================================================================

Image Symbol Table

    Local Symbols

    Symbol Name                              Value     Ov Type        Size  Object(Section)

    ../Drivers/STM32F1xx_HAL_Driver/Src/stm32f1xx_hal.c 0x00000000   Number         0  stm32f1xx_hal.o ABSOLUTE
    ../Drivers/STM32F1xx_HAL_Driver/Src/stm32f1xx_hal_cortex.c 0x00000000   Number         0  stm32f1xx_hal_cortex.o ABSOLUTE
    ../Drivers/STM32F1xx_HAL_Driver/Src/stm32f1xx_hal_dma.c 0x00000000   Number         0  stm32f1xx_hal_dma.o ABSOLUTE
    ../Drivers/STM32F1xx_HAL_Driver/Src/stm32f1xx_hal_flash.c 0x00000000   Number         0  stm32f1xx_hal_flash.o ABSOLUTE
    ../Drivers/STM32F1xx_HAL_Driver/Src/stm32f1xx_hal_flash_ex.c 0x00000000   Number         0  stm32f1xx_hal_flash_ex.o ABSOLUTE
    ../Drivers/STM32F1xx_HAL_Driver/Src/stm32f1xx_hal_gpio.c 0x00000000   Number         0  stm32f1xx_hal_gpio.o ABSOLUTE
    ../Drivers/STM32F1xx_HAL_Driver/Src/stm32f1xx_hal_gpio_ex.c 0x00000000   Number         0  stm32f1xx_hal_gpio_ex.o ABSOLUTE
    ../Drivers/STM32F1xx_HAL_Driver/Src/stm32f1xx_hal_pwr.c 0x00000000   Number         0  stm32f1xx_hal_pwr.o ABSOLUTE
    ../Drivers/STM32F1xx_HAL_Driver/Src/stm32f1xx_hal_rcc.c 0x00000000   Number         0  stm32f1xx_hal_rcc.o ABSOLUTE
    ../Drivers/STM32F1xx_HAL_Driver/Src/stm32f1xx_hal_rcc_ex.c 0x00000000   Number         0  stm32f1xx_hal_rcc_ex.o ABSOLUTE
    ../Drivers/STM32F1xx_HAL_Driver/Src/stm32f1xx_hal_sd.c 0x00000000   Number         0  stm32f1xx_hal_sd.o ABSOLUTE
    ../Drivers/STM32F1xx_HAL_Driver/Src/stm32f1xx_hal_spi.c 0x00000000   Number         0  stm32f1xx_hal_spi.o ABSOLUTE
    ../Drivers/STM32F1xx_HAL_Driver/Src/stm32f1xx_hal_spi_ex.c 0x00000000   Number         0  stm32f1xx_hal_spi_ex.o ABSOLUTE
    ../Drivers/STM32F1xx_HAL_Driver/Src/stm32f1xx_hal_tim.c 0x00000000   Number         0  stm32f1xx_hal_tim.o ABSOLUTE
    ../Drivers/STM32F1xx_HAL_Driver/Src/stm32f1xx_hal_tim_ex.c 0x00000000   Number         0  stm32f1xx_hal_tim_ex.o ABSOLUTE
    ../Drivers/STM32F1xx_HAL_Driver/Src/stm32f1xx_hal_uart.c 0x00000000   Number         0  stm32f1xx_hal_uart.o ABSOLUTE
    ../Drivers/STM32F1xx_HAL_Driver/Src/stm32f1xx_ll_sdmmc.c 0x00000000   Number         0  stm32f1xx_ll_sdmmc.o ABSOLUTE
    ../Middlewares/Third_Party/FatFs/src/diskio.c 0x00000000   Number         0  diskio.o ABSOLUTE
    ../Middlewares/Third_Party/FatFs/src/drivers/sd_diskio.c 0x00000000   Number         0  sd_diskio.o ABSOLUTE
    ../Middlewares/Third_Party/FatFs/src/ff.c 0x00000000   Number         0  ff.o ABSOLUTE
    ../Middlewares/Third_Party/FatFs/src/ff_gen_drv.c 0x00000000   Number         0  ff_gen_drv.o ABSOLUTE
    ../Middlewares/Third_Party/FatFs/src/option/syscall.c 0x00000000   Number         0  syscall.o ABSOLUTE
    ../Src/bsp_driver_sd.c                   0x00000000   Number         0  bsp_driver_sd.o ABSOLUTE
    ../Src/dma.c                             0x00000000   Number         0  dma.o ABSOLUTE
    ../Src/fatfs.c                           0x00000000   Number         0  fatfs.o ABSOLUTE
    ../Src/gpio.c                            0x00000000   Number         0  gpio.o ABSOLUTE
    ../Src/main.c                            0x00000000   Number         0  main.o ABSOLUTE
    ../Src/sdio.c                            0x00000000   Number         0  sdio.o ABSOLUTE
    ../Src/spi.c                             0x00000000   Number         0  spi.o ABSOLUTE
    ../Src/stm32f1xx_hal_msp.c               0x00000000   Number         0  stm32f1xx_hal_msp.o ABSOLUTE
    ../Src/stm32f1xx_it.c                    0x00000000   Number         0  stm32f1xx_it.o ABSOLUTE
    ../Src/system_stm32f1xx.c                0x00000000   Number         0  system_stm32f1xx.o ABSOLUTE
    ../Src/usart.c                           0x00000000   Number         0  usart.o ABSOLUTE
    ../Src/user_diskio.c                     0x00000000   Number         0  user_diskio.o ABSOLUTE
    ../clib/microlib/division.c              0x00000000   Number         0  uldiv.o ABSOLUTE
    ../clib/microlib/division.c              0x00000000   Number         0  uidiv.o ABSOLUTE
    ../clib/microlib/init/entry.s            0x00000000   Number         0  entry10b.o ABSOLUTE
    ../clib/microlib/init/entry.s            0x00000000   Number         0  entry10a.o ABSOLUTE
    ../clib/microlib/init/entry.s            0x00000000   Number         0  entry9b.o ABSOLUTE
    ../clib/microlib/init/entry.s            0x00000000   Number         0  entry9a.o ABSOLUTE
    ../clib/microlib/init/entry.s            0x00000000   Number         0  entry8b.o ABSOLUTE
    ../clib/microlib/init/entry.s            0x00000000   Number         0  entry7b.o ABSOLUTE
    ../clib/microlib/init/entry.s            0x00000000   Number         0  entry8a.o ABSOLUTE
    ../clib/microlib/init/entry.s            0x00000000   Number         0  entry7a.o ABSOLUTE
    ../clib/microlib/init/entry.s            0x00000000   Number         0  entry5.o ABSOLUTE
    ../clib/microlib/init/entry.s            0x00000000   Number         0  entry2.o ABSOLUTE
    ../clib/microlib/init/entry.s            0x00000000   Number         0  entry.o ABSOLUTE
    ../clib/microlib/init/entry.s            0x00000000   Number         0  entry11b.o ABSOLUTE
    ../clib/microlib/init/entry.s            0x00000000   Number         0  entry11a.o ABSOLUTE
    ../clib/microlib/longlong.c              0x00000000   Number         0  llsshr.o ABSOLUTE
    ../clib/microlib/longlong.c              0x00000000   Number         0  llushr.o ABSOLUTE
    ../clib/microlib/longlong.c              0x00000000   Number         0  llshl.o ABSOLUTE
    ../clib/microlib/printf/printf.c         0x00000000   Number         0  printf6.o ABSOLUTE
    ../clib/microlib/printf/printf.c         0x00000000   Number         0  printfb.o ABSOLUTE
    ../clib/microlib/printf/printf.c         0x00000000   Number         0  printf7.o ABSOLUTE
    ../clib/microlib/printf/printf.c         0x00000000   Number         0  printf5.o ABSOLUTE
    ../clib/microlib/printf/printf.c         0x00000000   Number         0  printf1.o ABSOLUTE
    ../clib/microlib/printf/printf.c         0x00000000   Number         0  printf8.o ABSOLUTE
    ../clib/microlib/printf/printf.c         0x00000000   Number         0  printfa.o ABSOLUTE
    ../clib/microlib/printf/printf.c         0x00000000   Number         0  printf0.o ABSOLUTE
    ../clib/microlib/printf/printf.c         0x00000000   Number         0  printf4.o ABSOLUTE
    ../clib/microlib/printf/printf.c         0x00000000   Number         0  printf2.o ABSOLUTE
    ../clib/microlib/printf/printf.c         0x00000000   Number         0  printf3.o ABSOLUTE
    ../clib/microlib/printf/stubs.s          0x00000000   Number         0  stubs.o ABSOLUTE
    ../clib/microlib/stdio/streams.c         0x00000000   Number         0  stdout.o ABSOLUTE
    ../clib/microlib/string/memset.c         0x00000000   Number         0  memseta.o ABSOLUTE
    ../clib/microlib/stubs.s                 0x00000000   Number         0  iusefp.o ABSOLUTE
    ../fplib/microlib/fpadd.c                0x00000000   Number         0  dadd.o ABSOLUTE
    ../fplib/microlib/fpdiv.c                0x00000000   Number         0  ddiv.o ABSOLUTE
    ../fplib/microlib/fpepilogue.c           0x00000000   Number         0  depilogue.o ABSOLUTE
    ../fplib/microlib/fpfix.c                0x00000000   Number         0  dfixul.o ABSOLUTE
    ../fplib/microlib/fpmul.c                0x00000000   Number         0  dmul.o ABSOLUTE
    ..\Drivers\STM32F1xx_HAL_Driver\Src\stm32f1xx_hal.c 0x00000000   Number         0  stm32f1xx_hal.o ABSOLUTE
    ..\Drivers\STM32F1xx_HAL_Driver\Src\stm32f1xx_hal_cortex.c 0x00000000   Number         0  stm32f1xx_hal_cortex.o ABSOLUTE
    ..\Drivers\STM32F1xx_HAL_Driver\Src\stm32f1xx_hal_dma.c 0x00000000   Number         0  stm32f1xx_hal_dma.o ABSOLUTE
    ..\Drivers\STM32F1xx_HAL_Driver\Src\stm32f1xx_hal_flash.c 0x00000000   Number         0  stm32f1xx_hal_flash.o ABSOLUTE
    ..\Drivers\STM32F1xx_HAL_Driver\Src\stm32f1xx_hal_flash_ex.c 0x00000000   Number         0  stm32f1xx_hal_flash_ex.o ABSOLUTE
    ..\Drivers\STM32F1xx_HAL_Driver\Src\stm32f1xx_hal_gpio.c 0x00000000   Number         0  stm32f1xx_hal_gpio.o ABSOLUTE
    ..\Drivers\STM32F1xx_HAL_Driver\Src\stm32f1xx_hal_gpio_ex.c 0x00000000   Number         0  stm32f1xx_hal_gpio_ex.o ABSOLUTE
    ..\Drivers\STM32F1xx_HAL_Driver\Src\stm32f1xx_hal_pwr.c 0x00000000   Number         0  stm32f1xx_hal_pwr.o ABSOLUTE
    ..\Drivers\STM32F1xx_HAL_Driver\Src\stm32f1xx_hal_rcc.c 0x00000000   Number         0  stm32f1xx_hal_rcc.o ABSOLUTE
    ..\Drivers\STM32F1xx_HAL_Driver\Src\stm32f1xx_hal_rcc_ex.c 0x00000000   Number         0  stm32f1xx_hal_rcc_ex.o ABSOLUTE
    ..\Drivers\STM32F1xx_HAL_Driver\Src\stm32f1xx_hal_sd.c 0x00000000   Number         0  stm32f1xx_hal_sd.o ABSOLUTE
    ..\Drivers\STM32F1xx_HAL_Driver\Src\stm32f1xx_hal_spi.c 0x00000000   Number         0  stm32f1xx_hal_spi.o ABSOLUTE
    ..\Drivers\STM32F1xx_HAL_Driver\Src\stm32f1xx_hal_spi_ex.c 0x00000000   Number         0  stm32f1xx_hal_spi_ex.o ABSOLUTE
    ..\Drivers\STM32F1xx_HAL_Driver\Src\stm32f1xx_hal_tim.c 0x00000000   Number         0  stm32f1xx_hal_tim.o ABSOLUTE
    ..\Drivers\STM32F1xx_HAL_Driver\Src\stm32f1xx_hal_tim_ex.c 0x00000000   Number         0  stm32f1xx_hal_tim_ex.o ABSOLUTE
    ..\Drivers\STM32F1xx_HAL_Driver\Src\stm32f1xx_hal_uart.c 0x00000000   Number         0  stm32f1xx_hal_uart.o ABSOLUTE
    ..\Drivers\STM32F1xx_HAL_Driver\Src\stm32f1xx_ll_sdmmc.c 0x00000000   Number         0  stm32f1xx_ll_sdmmc.o ABSOLUTE
    ..\Middlewares\Third_Party\FatFs\src\diskio.c 0x00000000   Number         0  diskio.o ABSOLUTE
    ..\Middlewares\Third_Party\FatFs\src\drivers\sd_diskio.c 0x00000000   Number         0  sd_diskio.o ABSOLUTE
    ..\Middlewares\Third_Party\FatFs\src\ff.c 0x00000000   Number         0  ff.o ABSOLUTE
    ..\Middlewares\Third_Party\FatFs\src\ff_gen_drv.c 0x00000000   Number         0  ff_gen_drv.o ABSOLUTE
    ..\Middlewares\Third_Party\FatFs\src\option\syscall.c 0x00000000   Number         0  syscall.o ABSOLUTE
    ..\Src\bsp_driver_sd.c                   0x00000000   Number         0  bsp_driver_sd.o ABSOLUTE
    ..\Src\dma.c                             0x00000000   Number         0  dma.o ABSOLUTE
    ..\Src\fatfs.c                           0x00000000   Number         0  fatfs.o ABSOLUTE
    ..\Src\gpio.c                            0x00000000   Number         0  gpio.o ABSOLUTE
    ..\Src\main.c                            0x00000000   Number         0  main.o ABSOLUTE
    ..\Src\sdio.c                            0x00000000   Number         0  sdio.o ABSOLUTE
    ..\Src\spi.c                             0x00000000   Number         0  spi.o ABSOLUTE
    ..\Src\stm32f1xx_hal_msp.c               0x00000000   Number         0  stm32f1xx_hal_msp.o ABSOLUTE
    ..\Src\stm32f1xx_it.c                    0x00000000   Number         0  stm32f1xx_it.o ABSOLUTE
    ..\Src\system_stm32f1xx.c                0x00000000   Number         0  system_stm32f1xx.o ABSOLUTE
    ..\Src\usart.c                           0x00000000   Number         0  usart.o ABSOLUTE
    ..\Src\user_diskio.c                     0x00000000   Number         0  user_diskio.o ABSOLUTE
    cdrcmple.s                               0x00000000   Number         0  cdrcmple.o ABSOLUTE
    dc.s                                     0x00000000   Number         0  dc.o ABSOLUTE
    handlers.s                               0x00000000   Number         0  handlers.o ABSOLUTE
    init.s                                   0x00000000   Number         0  init.o ABSOLUTE
    startup_stm32f103xe.s                    0x00000000   Number         0  startup_stm32f103xe.o ABSOLUTE
    RESET                                    0x08000000   Section      304  startup_stm32f103xe.o(RESET)
    .ARM.Collect$$$$00000000                 0x08000130   Section        0  entry.o(.ARM.Collect$$$$00000000)
    .ARM.Collect$$$$00000001                 0x08000130   Section        4  entry2.o(.ARM.Collect$$$$00000001)
    .ARM.Collect$$$$00000004                 0x08000134   Section        4  entry5.o(.ARM.Collect$$$$00000004)
    .ARM.Collect$$$$00000008                 0x08000138   Section        0  entry7b.o(.ARM.Collect$$$$00000008)
    .ARM.Collect$$$$0000000A                 0x08000138   Section        0  entry8b.o(.ARM.Collect$$$$0000000A)
    .ARM.Collect$$$$0000000B                 0x08000138   Section        8  entry9a.o(.ARM.Collect$$$$0000000B)
    .ARM.Collect$$$$0000000D                 0x08000140   Section        0  entry10a.o(.ARM.Collect$$$$0000000D)
    .ARM.Collect$$$$0000000F                 0x08000140   Section        0  entry11a.o(.ARM.Collect$$$$0000000F)
    .ARM.Collect$$$$00002712                 0x08000140   Section        4  entry2.o(.ARM.Collect$$$$00002712)
    __lit__00000000                          0x08000140   Data           4  entry2.o(.ARM.Collect$$$$00002712)
    .text                                    0x08000144   Section       36  startup_stm32f103xe.o(.text)
    .text                                    0x08000168   Section        0  llushr.o(.text)
    .text                                    0x08000188   Section        0  memseta.o(.text)
    .text                                    0x080001ac   Section        0  uldiv.o(.text)
    .text                                    0x08000210   Section       36  init.o(.text)
    .text                                    0x08000234   Section        0  llshl.o(.text)
    i.BSP_SD_GetCardInfo                     0x08000254   Section        0  bsp_driver_sd.o(i.BSP_SD_GetCardInfo)
    i.BSP_SD_GetStatus                       0x08000260   Section        0  bsp_driver_sd.o(i.BSP_SD_GetStatus)
    i.BSP_SD_Init                            0x0800026c   Section        0  bsp_driver_sd.o(i.BSP_SD_Init)
    i.BSP_SD_ReadBlocks                      0x080002a8   Section        0  bsp_driver_sd.o(i.BSP_SD_ReadBlocks)
    i.BSP_SD_WriteBlocks                     0x080002c8   Section        0  bsp_driver_sd.o(i.BSP_SD_WriteBlocks)
    i.Buffercmp                              0x080002e8   Section        0  main.o(i.Buffercmp)
    i.BusFault_Handler                       0x08000340   Section        0  stm32f1xx_it.o(i.BusFault_Handler)
    i.DMA2_Channel4_5_IRQHandler             0x08000344   Section        0  stm32f1xx_it.o(i.DMA2_Channel4_5_IRQHandler)
    i.DebugMon_Handler                       0x08000350   Section        0  stm32f1xx_it.o(i.DebugMon_Handler)
    i.FATFS_LinkDriver                       0x08000352   Section        0  ff_gen_drv.o(i.FATFS_LinkDriver)
    i.FATFS_LinkDriverEx                     0x08000358   Section        0  ff_gen_drv.o(i.FATFS_LinkDriverEx)
    i.Fill_Buffer                            0x08000398   Section        0  main.o(i.Fill_Buffer)
    i.HAL_DMA_IRQHandler                     0x080003ac   Section        0  stm32f1xx_hal_dma.o(i.HAL_DMA_IRQHandler)
    i.HAL_DMA_Init                           0x08000864   Section        0  stm32f1xx_hal_dma.o(i.HAL_DMA_Init)
    i.HAL_Delay                              0x080008b4   Section        0  stm32f1xx_hal.o(i.HAL_Delay)
    i.HAL_GPIO_Init                          0x080008cc   Section        0  stm32f1xx_hal_gpio.o(i.HAL_GPIO_Init)
    i.HAL_GetTick                            0x08000ab4   Section        0  stm32f1xx_hal.o(i.HAL_GetTick)
    i.HAL_IncTick                            0x08000ac0   Section        0  stm32f1xx_hal.o(i.HAL_IncTick)
    i.HAL_Init                               0x08000ad0   Section        0  stm32f1xx_hal.o(i.HAL_Init)
    i.HAL_InitTick                           0x08000af4   Section        0  stm32f1xx_hal.o(i.HAL_InitTick)
    i.HAL_MspInit                            0x08000b18   Section        0  stm32f1xx_hal_msp.o(i.HAL_MspInit)
    i.HAL_NVIC_EnableIRQ                     0x08000b98   Section        0  stm32f1xx_hal_cortex.o(i.HAL_NVIC_EnableIRQ)
    i.HAL_NVIC_SetPriority                   0x08000bb0   Section        0  stm32f1xx_hal_cortex.o(i.HAL_NVIC_SetPriority)
    i.HAL_NVIC_SetPriorityGrouping           0x08000bf0   Section        0  stm32f1xx_hal_cortex.o(i.HAL_NVIC_SetPriorityGrouping)
    i.HAL_RCC_ClockConfig                    0x08000c14   Section        0  stm32f1xx_hal_rcc.o(i.HAL_RCC_ClockConfig)
    i.HAL_RCC_GetHCLKFreq                    0x08000d9c   Section        0  stm32f1xx_hal_rcc.o(i.HAL_RCC_GetHCLKFreq)
    i.HAL_RCC_GetPCLK1Freq                   0x08000da8   Section        0  stm32f1xx_hal_rcc.o(i.HAL_RCC_GetPCLK1Freq)
    i.HAL_RCC_GetPCLK2Freq                   0x08000dd8   Section        0  stm32f1xx_hal_rcc.o(i.HAL_RCC_GetPCLK2Freq)
    i.HAL_RCC_GetSysClockFreq                0x08000e08   Section        0  stm32f1xx_hal_rcc.o(i.HAL_RCC_GetSysClockFreq)
    i.HAL_RCC_OscConfig                      0x08000e90   Section        0  stm32f1xx_hal_rcc.o(i.HAL_RCC_OscConfig)
    i.HAL_SD_Erase                           0x08001410   Section        0  stm32f1xx_hal_sd.o(i.HAL_SD_Erase)
    i.HAL_SD_GetStatus                       0x08001510   Section        0  stm32f1xx_hal_sd.o(i.HAL_SD_GetStatus)
    i.HAL_SD_Get_CardInfo                    0x0800152a   Section        0  stm32f1xx_hal_sd.o(i.HAL_SD_Get_CardInfo)
    i.HAL_SD_IRQHandler                      0x080017e2   Section        0  stm32f1xx_hal_sd.o(i.HAL_SD_IRQHandler)
    i.HAL_SD_Init                            0x0800185e   Section        0  stm32f1xx_hal_sd.o(i.HAL_SD_Init)
    i.HAL_SD_MspInit                         0x0800191c   Section        0  sdio.o(i.HAL_SD_MspInit)
    i.HAL_SD_ReadBlocks                      0x080019d4   Section        0  stm32f1xx_hal_sd.o(i.HAL_SD_ReadBlocks)
    i.HAL_SD_StopTransfer                    0x08001b64   Section        0  stm32f1xx_hal_sd.o(i.HAL_SD_StopTransfer)
    i.HAL_SD_WideBusOperation_Config         0x08001b98   Section        0  stm32f1xx_hal_sd.o(i.HAL_SD_WideBusOperation_Config)
    i.HAL_SD_WriteBlocks                     0x08001c18   Section        0  stm32f1xx_hal_sd.o(i.HAL_SD_WriteBlocks)
    i.HAL_SD_XferCpltCallback                0x08001e00   Section        0  stm32f1xx_hal_sd.o(i.HAL_SD_XferCpltCallback)
    i.HAL_SD_XferErrorCallback               0x08001e02   Section        0  stm32f1xx_hal_sd.o(i.HAL_SD_XferErrorCallback)
    i.HAL_SPI_Init                           0x08001e04   Section        0  stm32f1xx_hal_spi_ex.o(i.HAL_SPI_Init)
    i.HAL_SPI_MspInit                        0x08001e8c   Section        0  spi.o(i.HAL_SPI_MspInit)
    i.HAL_SYSTICK_CLKSourceConfig            0x08001ee4   Section        0  stm32f1xx_hal_cortex.o(i.HAL_SYSTICK_CLKSourceConfig)
    i.HAL_SYSTICK_Callback                   0x08001efc   Section        0  stm32f1xx_hal_cortex.o(i.HAL_SYSTICK_Callback)
    i.HAL_SYSTICK_Config                     0x08001efe   Section        0  stm32f1xx_hal_cortex.o(i.HAL_SYSTICK_Config)
    i.HAL_SYSTICK_IRQHandler                 0x08001f26   Section        0  stm32f1xx_hal_cortex.o(i.HAL_SYSTICK_IRQHandler)
    i.HAL_UART_ErrorCallback                 0x08001f2e   Section        0  stm32f1xx_hal_uart.o(i.HAL_UART_ErrorCallback)
    i.HAL_UART_IRQHandler                    0x08001f30   Section        0  stm32f1xx_hal_uart.o(i.HAL_UART_IRQHandler)
    i.HAL_UART_Init                          0x0800200a   Section        0  stm32f1xx_hal_uart.o(i.HAL_UART_Init)
    i.HAL_UART_MspInit                       0x08002068   Section        0  usart.o(i.HAL_UART_MspInit)
    i.HAL_UART_RxCpltCallback                0x080020d0   Section        0  stm32f1xx_hal_uart.o(i.HAL_UART_RxCpltCallback)
    i.HAL_UART_Transmit                      0x080020d4   Section        0  stm32f1xx_hal_uart.o(i.HAL_UART_Transmit)
    i.HAL_UART_TxCpltCallback                0x080021a0   Section        0  stm32f1xx_hal_uart.o(i.HAL_UART_TxCpltCallback)
    i.HardFault_Handler                      0x080021a2   Section        0  stm32f1xx_it.o(i.HardFault_Handler)
    i.MX_DMA_Init                            0x080021a4   Section        0  dma.o(i.MX_DMA_Init)
    i.MX_FATFS_Init                          0x080021d0   Section        0  fatfs.o(i.MX_FATFS_Init)
    i.MX_GPIO_Init                           0x080021f8   Section        0  gpio.o(i.MX_GPIO_Init)
    i.MX_SDIO_SD_Init                        0x08002234   Section        0  sdio.o(i.MX_SDIO_SD_Init)
    i.MX_SPI1_Init                           0x08002254   Section        0  spi.o(i.MX_SPI1_Init)
    i.MX_USART1_UART_Init                    0x080022b0   Section        0  usart.o(i.MX_USART1_UART_Init)
    i.MemManage_Handler                      0x080022fc   Section        0  stm32f1xx_it.o(i.MemManage_Handler)
    i.NMI_Handler                            0x080022fe   Section        0  stm32f1xx_it.o(i.NMI_Handler)
    i.NVIC_SetPriority                       0x08002300   Section        0  stm32f1xx_hal_cortex.o(i.NVIC_SetPriority)
    NVIC_SetPriority                         0x08002301   Thumb Code    32  stm32f1xx_hal_cortex.o(i.NVIC_SetPriority)
    i.PendSV_Handler                         0x08002320   Section        0  stm32f1xx_it.o(i.PendSV_Handler)
    i.SDIO_DataConfig                        0x08002322   Section        0  stm32f1xx_ll_sdmmc.o(i.SDIO_DataConfig)
    i.SDIO_GetCommandResponse                0x08002346   Section        0  stm32f1xx_ll_sdmmc.o(i.SDIO_GetCommandResponse)
    i.SDIO_GetPowerState                     0x0800234c   Section        0  stm32f1xx_ll_sdmmc.o(i.SDIO_GetPowerState)
    i.SDIO_GetResponse                       0x08002354   Section        0  stm32f1xx_ll_sdmmc.o(i.SDIO_GetResponse)
    i.SDIO_IRQHandler                        0x08002364   Section        0  stm32f1xx_it.o(i.SDIO_IRQHandler)
    i.SDIO_Init                              0x08002370   Section        0  stm32f1xx_ll_sdmmc.o(i.SDIO_Init)
    i.SDIO_PowerState_ON                     0x08002394   Section        0  stm32f1xx_ll_sdmmc.o(i.SDIO_PowerState_ON)
    i.SDIO_ReadFIFO                          0x0800239c   Section        0  stm32f1xx_ll_sdmmc.o(i.SDIO_ReadFIFO)
    i.SDIO_SendCommand                       0x080023a2   Section        0  stm32f1xx_ll_sdmmc.o(i.SDIO_SendCommand)
    i.SDIO_WriteFIFO                         0x080023c2   Section        0  stm32f1xx_ll_sdmmc.o(i.SDIO_WriteFIFO)
    i.SD_CmdResp1Error                       0x080023cc   Section        0  stm32f1xx_hal_sd.o(i.SD_CmdResp1Error)
    SD_CmdResp1Error                         0x080023cd   Thumb Code   232  stm32f1xx_hal_sd.o(i.SD_CmdResp1Error)
    i.SD_CmdResp2Error                       0x080024b8   Section        0  stm32f1xx_hal_sd.o(i.SD_CmdResp2Error)
    SD_CmdResp2Error                         0x080024b9   Thumb Code    46  stm32f1xx_hal_sd.o(i.SD_CmdResp2Error)
    i.SD_CmdResp6Error                       0x080024e6   Section        0  stm32f1xx_hal_sd.o(i.SD_CmdResp6Error)
    SD_CmdResp6Error                         0x080024e7   Thumb Code   116  stm32f1xx_hal_sd.o(i.SD_CmdResp6Error)
    i.SD_CmdResp7Error                       0x0800255a   Section        0  stm32f1xx_hal_sd.o(i.SD_CmdResp7Error)
    SD_CmdResp7Error                         0x0800255b   Thumb Code    64  stm32f1xx_hal_sd.o(i.SD_CmdResp7Error)
    i.SD_EraseTest                           0x0800259c   Section        0  main.o(i.SD_EraseTest)
    i.SD_FindSCR                             0x08002664   Section        0  stm32f1xx_hal_sd.o(i.SD_FindSCR)
    SD_FindSCR                               0x08002665   Thumb Code   282  stm32f1xx_hal_sd.o(i.SD_FindSCR)
    i.SD_GetState                            0x0800277e   Section        0  stm32f1xx_hal_sd.o(i.SD_GetState)
    SD_GetState                              0x0800277f   Thumb Code    74  stm32f1xx_hal_sd.o(i.SD_GetState)
    i.SD_Initialize_Cards                    0x080027c8   Section        0  stm32f1xx_hal_sd.o(i.SD_Initialize_Cards)
    SD_Initialize_Cards                      0x080027c9   Thumb Code   250  stm32f1xx_hal_sd.o(i.SD_Initialize_Cards)
    i.SD_IsCardProgramming                   0x080028c4   Section        0  stm32f1xx_hal_sd.o(i.SD_IsCardProgramming)
    SD_IsCardProgramming                     0x080028c5   Thumb Code   320  stm32f1xx_hal_sd.o(i.SD_IsCardProgramming)
    i.SD_PowerON                             0x08002a08   Section        0  stm32f1xx_hal_sd.o(i.SD_PowerON)
    SD_PowerON                               0x08002a09   Thumb Code   392  stm32f1xx_hal_sd.o(i.SD_PowerON)
    i.SD_WideBus_Disable                     0x08002b94   Section        0  stm32f1xx_hal_sd.o(i.SD_WideBus_Disable)
    SD_WideBus_Disable                       0x08002b95   Thumb Code   124  stm32f1xx_hal_sd.o(i.SD_WideBus_Disable)
    i.SD_WideBus_Enable                      0x08002c10   Section        0  stm32f1xx_hal_sd.o(i.SD_WideBus_Enable)
    SD_WideBus_Enable                        0x08002c11   Thumb Code   126  stm32f1xx_hal_sd.o(i.SD_WideBus_Enable)
    i.SD_Write_Read_Test                     0x08002c90   Section        0  main.o(i.SD_Write_Read_Test)
    i.SD_initialize                          0x08002d5c   Section        0  sd_diskio.o(i.SD_initialize)
    i.SD_ioctl                               0x08002d7c   Section        0  sd_diskio.o(i.SD_ioctl)
    i.SD_read                                0x08002dcc   Section        0  sd_diskio.o(i.SD_read)
    i.SD_status                              0x08002dec   Section        0  sd_diskio.o(i.SD_status)
    i.SD_write                               0x08002e0c   Section        0  sd_diskio.o(i.SD_write)
    i.SVC_Handler                            0x08002e2a   Section        0  stm32f1xx_it.o(i.SVC_Handler)
    i.SysTick_Handler                        0x08002e2c   Section        0  stm32f1xx_it.o(i.SysTick_Handler)
    i.SystemClock_Config                     0x08002e3a   Section        0  main.o(i.SystemClock_Config)
    i.SystemInit                             0x08002ea4   Section        0  system_stm32f1xx.o(i.SystemInit)
    i.UART_Receive_IT                        0x08002eec   Section        0  stm32f1xx_hal_uart.o(i.UART_Receive_IT)
    UART_Receive_IT                          0x08002eed   Thumb Code   168  stm32f1xx_hal_uart.o(i.UART_Receive_IT)
    i.UART_SetConfig                         0x08002f94   Section        0  stm32f1xx_hal_uart.o(i.UART_SetConfig)
    UART_SetConfig                           0x08002f95   Thumb Code   364  stm32f1xx_hal_uart.o(i.UART_SetConfig)
    i.UART_Transmit_IT                       0x08003104   Section        0  stm32f1xx_hal_uart.o(i.UART_Transmit_IT)
    UART_Transmit_IT                         0x08003105   Thumb Code   102  stm32f1xx_hal_uart.o(i.UART_Transmit_IT)
    i.UART_WaitOnFlagUntilTimeout            0x0800316a   Section        0  stm32f1xx_hal_uart.o(i.UART_WaitOnFlagUntilTimeout)
    UART_WaitOnFlagUntilTimeout              0x0800316b   Thumb Code   146  stm32f1xx_hal_uart.o(i.UART_WaitOnFlagUntilTimeout)
    i.USART1_IRQHandler                      0x080031fc   Section        0  stm32f1xx_it.o(i.USART1_IRQHandler)
    i.USER_initialize                        0x08003208   Section        0  user_diskio.o(i.USER_initialize)
    i.USER_ioctl                             0x08003218   Section        0  user_diskio.o(i.USER_ioctl)
    i.USER_read                              0x0800321c   Section        0  user_diskio.o(i.USER_read)
    i.USER_status                            0x08003220   Section        0  user_diskio.o(i.USER_status)
    i.USER_write                             0x08003230   Section        0  user_diskio.o(i.USER_write)
    i.UsageFault_Handler                     0x08003234   Section        0  stm32f1xx_it.o(i.UsageFault_Handler)
    i._Error_Handler                         0x08003236   Section        0  main.o(i._Error_Handler)
    i.__0printf$8                            0x08003238   Section        0  printf8.o(i.__0printf$8)
    i.__scatterload_copy                     0x08003258   Section       14  handlers.o(i.__scatterload_copy)
    i.__scatterload_null                     0x08003266   Section        2  handlers.o(i.__scatterload_null)
    i.__scatterload_zeroinit                 0x08003268   Section       14  handlers.o(i.__scatterload_zeroinit)
    i._printf_core                           0x08003278   Section        0  printf8.o(i._printf_core)
    _printf_core                             0x08003279   Thumb Code   996  printf8.o(i._printf_core)
    i._printf_post_padding                   0x08003688   Section        0  printf8.o(i._printf_post_padding)
    _printf_post_padding                     0x08003689   Thumb Code    36  printf8.o(i._printf_post_padding)
    i._printf_pre_padding                    0x080036ac   Section        0  printf8.o(i._printf_pre_padding)
    _printf_pre_padding                      0x080036ad   Thumb Code    46  printf8.o(i._printf_pre_padding)
    i.eBuffercmp                             0x080036da   Section        0  main.o(i.eBuffercmp)
    i.fputc                                  0x080036f4   Section        0  usart.o(i.fputc)
    i.main                                   0x0800370c   Section        0  main.o(i.main)
    .constdata                               0x08003844   Section       20  sd_diskio.o(.constdata)
    .constdata                               0x08003858   Section       16  system_stm32f1xx.o(.constdata)
    .constdata                               0x08003868   Section        8  system_stm32f1xx.o(.constdata)
    .data                                    0x20000000   Section        1  sd_diskio.o(.data)
    Stat                                     0x20000000   Data           1  sd_diskio.o(.data)
    .data                                    0x20000001   Section       10  fatfs.o(.data)
    .data                                    0x2000000b   Section        3  main.o(.data)
    .data                                    0x2000000e   Section        1  user_diskio.o(.data)
    Stat                                     0x2000000e   Data           1  user_diskio.o(.data)
    .data                                    0x20000010   Section       20  user_diskio.o(.data)
    .data                                    0x20000024   Section        4  system_stm32f1xx.o(.data)
    .data                                    0x20000028   Section        4  stm32f1xx_hal.o(.data)
    uwTick                                   0x20000028   Data           4  stm32f1xx_hal.o(.data)
    .data                                    0x2000002c   Section        1  stm32f1xx_hal_spi_ex.o(.data)
    .data                                    0x20000030   Section        4  stdout.o(.data)
    .bss                                     0x20000034   Section       16  ff_gen_drv.o(.bss)
    .bss                                     0x20000044   Section       64  usart.o(.bss)
    .bss                                     0x20000084   Section      152  sdio.o(.bss)
    .bss                                     0x20000120   Section       88  sdio.o(.bss)
    .bss                                     0x20000178   Section    32864  main.o(.bss)
    .bss                                     0x200081d8   Section       88  spi.o(.bss)
    STACK                                    0x20008230   Section     1024  startup_stm32f103xe.o(STACK)

    Global Symbols

    Symbol Name                              Value     Ov Type        Size  Object(Section)

    BuildAttributes$$THM_ISAv4$P$D$K$B$S$PE$A:L22UL41UL21$X:L11$S22US41US21$IEEE1$IW$USESV6$~STKCKD$USESV7$~SHL$OSPACE$ROPI$EBA8$MICROLIB$REQ8$PRES8$EABIv2 0x00000000   Number         0  anon$$obj.o ABSOLUTE
    __ARM_use_no_argv                        0x00000000   Number         0  main.o ABSOLUTE
    _printf_a                                0x00000000   Number         0  stubs.o ABSOLUTE
    _printf_c                                0x00000000   Number         0  stubs.o ABSOLUTE
    _printf_charcount                        0x00000000   Number         0  stubs.o ABSOLUTE
    _printf_d                                0x00000000   Number         0  stubs.o ABSOLUTE
    _printf_e                                0x00000000   Number         0  stubs.o ABSOLUTE
    _printf_f                                0x00000000   Number         0  stubs.o ABSOLUTE
    _printf_flags                            0x00000000   Number         0  stubs.o ABSOLUTE
    _printf_fp_dec                           0x00000000   Number         0  stubs.o ABSOLUTE
    _printf_fp_hex                           0x00000000   Number         0  stubs.o ABSOLUTE
    _printf_g                                0x00000000   Number         0  stubs.o ABSOLUTE
    _printf_i                                0x00000000   Number         0  stubs.o ABSOLUTE
    _printf_int_dec                          0x00000000   Number         0  stubs.o ABSOLUTE
    _printf_l                                0x00000000   Number         0  stubs.o ABSOLUTE
    _printf_lc                               0x00000000   Number         0  stubs.o ABSOLUTE
    _printf_ll                               0x00000000   Number         0  stubs.o ABSOLUTE
    _printf_lld                              0x00000000   Number         0  stubs.o ABSOLUTE
    _printf_lli                              0x00000000   Number         0  stubs.o ABSOLUTE
    _printf_llo                              0x00000000   Number         0  stubs.o ABSOLUTE
    _printf_llu                              0x00000000   Number         0  stubs.o ABSOLUTE
    _printf_llx                              0x00000000   Number         0  stubs.o ABSOLUTE
    _printf_longlong_dec                     0x00000000   Number         0  stubs.o ABSOLUTE
    _printf_longlong_hex                     0x00000000   Number         0  stubs.o ABSOLUTE
    _printf_longlong_oct                     0x00000000   Number         0  stubs.o ABSOLUTE
    _printf_ls                               0x00000000   Number         0  stubs.o ABSOLUTE
    _printf_mbtowc                           0x00000000   Number         0  stubs.o ABSOLUTE
    _printf_n                                0x00000000   Number         0  stubs.o ABSOLUTE
    _printf_o                                0x00000000   Number         0  stubs.o ABSOLUTE
    _printf_p                                0x00000000   Number         0  stubs.o ABSOLUTE
    _printf_percent                          0x00000000   Number         0  stubs.o ABSOLUTE
    _printf_pre_padding                      0x00000000   Number         0  stubs.o ABSOLUTE
    _printf_return_value                     0x00000000   Number         0  stubs.o ABSOLUTE
    _printf_s                                0x00000000   Number         0  stubs.o ABSOLUTE
    _printf_sizespec                         0x00000000   Number         0  stubs.o ABSOLUTE
    _printf_str                              0x00000000   Number         0  stubs.o ABSOLUTE
    _printf_truncate_signed                  0x00000000   Number         0  stubs.o ABSOLUTE
    _printf_truncate_unsigned                0x00000000   Number         0  stubs.o ABSOLUTE
    _printf_u                                0x00000000   Number         0  stubs.o ABSOLUTE
    _printf_wc                               0x00000000   Number         0  stubs.o ABSOLUTE
    _printf_wctomb                           0x00000000   Number         0  stubs.o ABSOLUTE
    _printf_widthprec                        0x00000000   Number         0  stubs.o ABSOLUTE
    _printf_x                                0x00000000   Number         0  stubs.o ABSOLUTE
    __cpp_initialize__aeabi_                  - Undefined Weak Reference
    __cxa_finalize                            - Undefined Weak Reference
    __decompress                              - Undefined Weak Reference
    _clock_init                               - Undefined Weak Reference
    _microlib_exit                            - Undefined Weak Reference
    __Vectors_Size                           0x00000130   Number         0  startup_stm32f103xe.o ABSOLUTE
    __Vectors                                0x08000000   Data           4  startup_stm32f103xe.o(RESET)
    __Vectors_End                            0x08000130   Data           0  startup_stm32f103xe.o(RESET)
    __main                                   0x08000131   Thumb Code     0  entry.o(.ARM.Collect$$$$00000000)
    _main_stk                                0x08000131   Thumb Code     0  entry2.o(.ARM.Collect$$$$00000001)
    _main_scatterload                        0x08000135   Thumb Code     0  entry5.o(.ARM.Collect$$$$00000004)
    __main_after_scatterload                 0x08000139   Thumb Code     0  entry5.o(.ARM.Collect$$$$00000004)
    _main_clock                              0x08000139   Thumb Code     0  entry7b.o(.ARM.Collect$$$$00000008)
    _main_cpp_init                           0x08000139   Thumb Code     0  entry8b.o(.ARM.Collect$$$$0000000A)
    _main_init                               0x08000139   Thumb Code     0  entry9a.o(.ARM.Collect$$$$0000000B)
    __rt_final_cpp                           0x08000141   Thumb Code     0  entry10a.o(.ARM.Collect$$$$0000000D)
    __rt_final_exit                          0x08000141   Thumb Code     0  entry11a.o(.ARM.Collect$$$$0000000F)
    Reset_Handler                            0x08000145   Thumb Code     8  startup_stm32f103xe.o(.text)
    ADC1_2_IRQHandler                        0x0800015f   Thumb Code     0  startup_stm32f103xe.o(.text)
    ADC3_IRQHandler                          0x0800015f   Thumb Code     0  startup_stm32f103xe.o(.text)
    CAN1_RX1_IRQHandler                      0x0800015f   Thumb Code     0  startup_stm32f103xe.o(.text)
    CAN1_SCE_IRQHandler                      0x0800015f   Thumb Code     0  startup_stm32f103xe.o(.text)
    DMA1_Channel1_IRQHandler                 0x0800015f   Thumb Code     0  startup_stm32f103xe.o(.text)
    DMA1_Channel2_IRQHandler                 0x0800015f   Thumb Code     0  startup_stm32f103xe.o(.text)
    DMA1_Channel3_IRQHandler                 0x0800015f   Thumb Code     0  startup_stm32f103xe.o(.text)
    DMA1_Channel4_IRQHandler                 0x0800015f   Thumb Code     0  startup_stm32f103xe.o(.text)
    DMA1_Channel5_IRQHandler                 0x0800015f   Thumb Code     0  startup_stm32f103xe.o(.text)
    DMA1_Channel6_IRQHandler                 0x0800015f   Thumb Code     0  startup_stm32f103xe.o(.text)
    DMA1_Channel7_IRQHandler                 0x0800015f   Thumb Code     0  startup_stm32f103xe.o(.text)
    DMA2_Channel1_IRQHandler                 0x0800015f   Thumb Code     0  startup_stm32f103xe.o(.text)
    DMA2_Channel2_IRQHandler                 0x0800015f   Thumb Code     0  startup_stm32f103xe.o(.text)
    DMA2_Channel3_IRQHandler                 0x0800015f   Thumb Code     0  startup_stm32f103xe.o(.text)
    EXTI0_IRQHandler                         0x0800015f   Thumb Code     0  startup_stm32f103xe.o(.text)
    EXTI15_10_IRQHandler                     0x0800015f   Thumb Code     0  startup_stm32f103xe.o(.text)
    EXTI1_IRQHandler                         0x0800015f   Thumb Code     0  startup_stm32f103xe.o(.text)
    EXTI2_IRQHandler                         0x0800015f   Thumb Code     0  startup_stm32f103xe.o(.text)
    EXTI3_IRQHandler                         0x0800015f   Thumb Code     0  startup_stm32f103xe.o(.text)
    EXTI4_IRQHandler                         0x0800015f   Thumb Code     0  startup_stm32f103xe.o(.text)
    EXTI9_5_IRQHandler                       0x0800015f   Thumb Code     0  startup_stm32f103xe.o(.text)
    FLASH_IRQHandler                         0x0800015f   Thumb Code     0  startup_stm32f103xe.o(.text)
    FSMC_IRQHandler                          0x0800015f   Thumb Code     0  startup_stm32f103xe.o(.text)
    I2C1_ER_IRQHandler                       0x0800015f   Thumb Code     0  startup_stm32f103xe.o(.text)
    I2C1_EV_IRQHandler                       0x0800015f   Thumb Code     0  startup_stm32f103xe.o(.text)
    I2C2_ER_IRQHandler                       0x0800015f   Thumb Code     0  startup_stm32f103xe.o(.text)
    I2C2_EV_IRQHandler                       0x0800015f   Thumb Code     0  startup_stm32f103xe.o(.text)
    PVD_IRQHandler                           0x0800015f   Thumb Code     0  startup_stm32f103xe.o(.text)
    RCC_IRQHandler                           0x0800015f   Thumb Code     0  startup_stm32f103xe.o(.text)
    RTC_Alarm_IRQHandler                     0x0800015f   Thumb Code     0  startup_stm32f103xe.o(.text)
    RTC_IRQHandler                           0x0800015f   Thumb Code     0  startup_stm32f103xe.o(.text)
    SPI1_IRQHandler                          0x0800015f   Thumb Code     0  startup_stm32f103xe.o(.text)
    SPI2_IRQHandler                          0x0800015f   Thumb Code     0  startup_stm32f103xe.o(.text)
    SPI3_IRQHandler                          0x0800015f   Thumb Code     0  startup_stm32f103xe.o(.text)
    TAMPER_IRQHandler                        0x0800015f   Thumb Code     0  startup_stm32f103xe.o(.text)
    TIM1_BRK_IRQHandler                      0x0800015f   Thumb Code     0  startup_stm32f103xe.o(.text)
    TIM1_CC_IRQHandler                       0x0800015f   Thumb Code     0  startup_stm32f103xe.o(.text)
    TIM1_TRG_COM_IRQHandler                  0x0800015f   Thumb Code     0  startup_stm32f103xe.o(.text)
    TIM1_UP_IRQHandler                       0x0800015f   Thumb Code     0  startup_stm32f103xe.o(.text)
    TIM2_IRQHandler                          0x0800015f   Thumb Code     0  startup_stm32f103xe.o(.text)
    TIM3_IRQHandler                          0x0800015f   Thumb Code     0  startup_stm32f103xe.o(.text)
    TIM4_IRQHandler                          0x0800015f   Thumb Code     0  startup_stm32f103xe.o(.text)
    TIM5_IRQHandler                          0x0800015f   Thumb Code     0  startup_stm32f103xe.o(.text)
    TIM6_IRQHandler                          0x0800015f   Thumb Code     0  startup_stm32f103xe.o(.text)
    TIM7_IRQHandler                          0x0800015f   Thumb Code     0  startup_stm32f103xe.o(.text)
    TIM8_BRK_IRQHandler                      0x0800015f   Thumb Code     0  startup_stm32f103xe.o(.text)
    TIM8_CC_IRQHandler                       0x0800015f   Thumb Code     0  startup_stm32f103xe.o(.text)
    TIM8_TRG_COM_IRQHandler                  0x0800015f   Thumb Code     0  startup_stm32f103xe.o(.text)
    TIM8_UP_IRQHandler                       0x0800015f   Thumb Code     0  startup_stm32f103xe.o(.text)
    UART4_IRQHandler                         0x0800015f   Thumb Code     0  startup_stm32f103xe.o(.text)
    UART5_IRQHandler                         0x0800015f   Thumb Code     0  startup_stm32f103xe.o(.text)
    USART2_IRQHandler                        0x0800015f   Thumb Code     0  startup_stm32f103xe.o(.text)
    USART3_IRQHandler                        0x0800015f   Thumb Code     0  startup_stm32f103xe.o(.text)
    USBWakeUp_IRQHandler                     0x0800015f   Thumb Code     0  startup_stm32f103xe.o(.text)
    USB_HP_CAN1_TX_IRQHandler                0x0800015f   Thumb Code     0  startup_stm32f103xe.o(.text)
    USB_LP_CAN1_RX0_IRQHandler               0x0800015f   Thumb Code     0  startup_stm32f103xe.o(.text)
    WWDG_IRQHandler                          0x0800015f   Thumb Code     0  startup_stm32f103xe.o(.text)
    __aeabi_llsr                             0x08000169   Thumb Code    32  llushr.o(.text)
    _ll_ushift_r                             0x08000169   Thumb Code     0  llushr.o(.text)
    __aeabi_memset                           0x08000189   Thumb Code    14  memseta.o(.text)
    __aeabi_memset4                          0x08000189   Thumb Code     0  memseta.o(.text)
    __aeabi_memset8                          0x08000189   Thumb Code     0  memseta.o(.text)
    __aeabi_memclr                           0x08000197   Thumb Code     4  memseta.o(.text)
    __aeabi_memclr4                          0x08000197   Thumb Code     0  memseta.o(.text)
    __aeabi_memclr8                          0x08000197   Thumb Code     0  memseta.o(.text)
    _memset$wrapper                          0x0800019b   Thumb Code    18  memseta.o(.text)
    __aeabi_uldivmod                         0x080001ad   Thumb Code    98  uldiv.o(.text)
    __scatterload                            0x08000211   Thumb Code    28  init.o(.text)
    __scatterload_rt2                        0x08000211   Thumb Code     0  init.o(.text)
    __aeabi_llsl                             0x08000235   Thumb Code    30  llshl.o(.text)
    _ll_shift_l                              0x08000235   Thumb Code     0  llshl.o(.text)
    BSP_SD_GetCardInfo                       0x08000255   Thumb Code     8  bsp_driver_sd.o(i.BSP_SD_GetCardInfo)
    BSP_SD_GetStatus                         0x08000261   Thumb Code     6  bsp_driver_sd.o(i.BSP_SD_GetStatus)
    BSP_SD_Init                              0x0800026d   Thumb Code    50  bsp_driver_sd.o(i.BSP_SD_Init)
    BSP_SD_ReadBlocks                        0x080002a9   Thumb Code    26  bsp_driver_sd.o(i.BSP_SD_ReadBlocks)
    BSP_SD_WriteBlocks                       0x080002c9   Thumb Code    26  bsp_driver_sd.o(i.BSP_SD_WriteBlocks)
    Buffercmp                                0x080002e9   Thumb Code    62  main.o(i.Buffercmp)
    BusFault_Handler                         0x08000341   Thumb Code     2  stm32f1xx_it.o(i.BusFault_Handler)
    DMA2_Channel4_5_IRQHandler               0x08000345   Thumb Code     6  stm32f1xx_it.o(i.DMA2_Channel4_5_IRQHandler)
    DebugMon_Handler                         0x08000351   Thumb Code     2  stm32f1xx_it.o(i.DebugMon_Handler)
    FATFS_LinkDriver                         0x08000353   Thumb Code     6  ff_gen_drv.o(i.FATFS_LinkDriver)
    FATFS_LinkDriverEx                       0x08000359   Thumb Code    60  ff_gen_drv.o(i.FATFS_LinkDriverEx)
    Fill_Buffer                              0x08000399   Thumb Code    20  main.o(i.Fill_Buffer)
    HAL_DMA_IRQHandler                       0x080003ad   Thumb Code  1198  stm32f1xx_hal_dma.o(i.HAL_DMA_IRQHandler)
    HAL_DMA_Init                             0x08000865   Thumb Code    80  stm32f1xx_hal_dma.o(i.HAL_DMA_Init)
    HAL_Delay                                0x080008b5   Thumb Code    22  stm32f1xx_hal.o(i.HAL_Delay)
    HAL_GPIO_Init                            0x080008cd   Thumb Code   446  stm32f1xx_hal_gpio.o(i.HAL_GPIO_Init)
    HAL_GetTick                              0x08000ab5   Thumb Code     6  stm32f1xx_hal.o(i.HAL_GetTick)
    HAL_IncTick                              0x08000ac1   Thumb Code    10  stm32f1xx_hal.o(i.HAL_IncTick)
    HAL_Init                                 0x08000ad1   Thumb Code    32  stm32f1xx_hal.o(i.HAL_Init)
    HAL_InitTick                             0x08000af5   Thumb Code    34  stm32f1xx_hal.o(i.HAL_InitTick)
    HAL_MspInit                              0x08000b19   Thumb Code   118  stm32f1xx_hal_msp.o(i.HAL_MspInit)
    HAL_NVIC_EnableIRQ                       0x08000b99   Thumb Code    22  stm32f1xx_hal_cortex.o(i.HAL_NVIC_EnableIRQ)
    HAL_NVIC_SetPriority                     0x08000bb1   Thumb Code    60  stm32f1xx_hal_cortex.o(i.HAL_NVIC_SetPriority)
    HAL_NVIC_SetPriorityGrouping             0x08000bf1   Thumb Code    26  stm32f1xx_hal_cortex.o(i.HAL_NVIC_SetPriorityGrouping)
    HAL_RCC_ClockConfig                      0x08000c15   Thumb Code   374  stm32f1xx_hal_rcc.o(i.HAL_RCC_ClockConfig)
    HAL_RCC_GetHCLKFreq                      0x08000d9d   Thumb Code     6  stm32f1xx_hal_rcc.o(i.HAL_RCC_GetHCLKFreq)
    HAL_RCC_GetPCLK1Freq                     0x08000da9   Thumb Code    34  stm32f1xx_hal_rcc.o(i.HAL_RCC_GetPCLK1Freq)
    HAL_RCC_GetPCLK2Freq                     0x08000dd9   Thumb Code    34  stm32f1xx_hal_rcc.o(i.HAL_RCC_GetPCLK2Freq)
    HAL_RCC_GetSysClockFreq                  0x08000e09   Thumb Code   102  stm32f1xx_hal_rcc.o(i.HAL_RCC_GetSysClockFreq)
    HAL_RCC_OscConfig                        0x08000e91   Thumb Code  1406  stm32f1xx_hal_rcc.o(i.HAL_RCC_OscConfig)
    HAL_SD_Erase                             0x08001411   Thumb Code   252  stm32f1xx_hal_sd.o(i.HAL_SD_Erase)
    HAL_SD_GetStatus                         0x08001511   Thumb Code    26  stm32f1xx_hal_sd.o(i.HAL_SD_GetStatus)
    HAL_SD_Get_CardInfo                      0x0800152b   Thumb Code   696  stm32f1xx_hal_sd.o(i.HAL_SD_Get_CardInfo)
    HAL_SD_IRQHandler                        0x080017e3   Thumb Code   124  stm32f1xx_hal_sd.o(i.HAL_SD_IRQHandler)
    HAL_SD_Init                              0x0800185f   Thumb Code   190  stm32f1xx_hal_sd.o(i.HAL_SD_Init)
    HAL_SD_MspInit                           0x0800191d   Thumb Code   142  sdio.o(i.HAL_SD_MspInit)
    HAL_SD_ReadBlocks                        0x080019d5   Thumb Code   400  stm32f1xx_hal_sd.o(i.HAL_SD_ReadBlocks)
    HAL_SD_StopTransfer                      0x08001b65   Thumb Code    52  stm32f1xx_hal_sd.o(i.HAL_SD_StopTransfer)
    HAL_SD_WideBusOperation_Config           0x08001b99   Thumb Code   128  stm32f1xx_hal_sd.o(i.HAL_SD_WideBusOperation_Config)
    HAL_SD_WriteBlocks                       0x08001c19   Thumb Code   488  stm32f1xx_hal_sd.o(i.HAL_SD_WriteBlocks)
    HAL_SD_XferCpltCallback                  0x08001e01   Thumb Code     2  stm32f1xx_hal_sd.o(i.HAL_SD_XferCpltCallback)
    HAL_SD_XferErrorCallback                 0x08001e03   Thumb Code     2  stm32f1xx_hal_sd.o(i.HAL_SD_XferErrorCallback)
    HAL_SPI_Init                             0x08001e05   Thumb Code   132  stm32f1xx_hal_spi_ex.o(i.HAL_SPI_Init)
    HAL_SPI_MspInit                          0x08001e8d   Thumb Code    74  spi.o(i.HAL_SPI_MspInit)
    HAL_SYSTICK_CLKSourceConfig              0x08001ee5   Thumb Code    24  stm32f1xx_hal_cortex.o(i.HAL_SYSTICK_CLKSourceConfig)
    HAL_SYSTICK_Callback                     0x08001efd   Thumb Code     2  stm32f1xx_hal_cortex.o(i.HAL_SYSTICK_Callback)
    HAL_SYSTICK_Config                       0x08001eff   Thumb Code    40  stm32f1xx_hal_cortex.o(i.HAL_SYSTICK_Config)
    HAL_SYSTICK_IRQHandler                   0x08001f27   Thumb Code     8  stm32f1xx_hal_cortex.o(i.HAL_SYSTICK_IRQHandler)
    HAL_UART_ErrorCallback                   0x08001f2f   Thumb Code     2  stm32f1xx_hal_uart.o(i.HAL_UART_ErrorCallback)
    HAL_UART_IRQHandler                      0x08001f31   Thumb Code   218  stm32f1xx_hal_uart.o(i.HAL_UART_IRQHandler)
    HAL_UART_Init                            0x0800200b   Thumb Code    94  stm32f1xx_hal_uart.o(i.HAL_UART_Init)
    HAL_UART_MspInit                         0x08002069   Thumb Code    92  usart.o(i.HAL_UART_MspInit)
    HAL_UART_RxCpltCallback                  0x080020d1   Thumb Code     2  stm32f1xx_hal_uart.o(i.HAL_UART_RxCpltCallback)
    HAL_UART_Transmit                        0x080020d5   Thumb Code   204  stm32f1xx_hal_uart.o(i.HAL_UART_Transmit)
    HAL_UART_TxCpltCallback                  0x080021a1   Thumb Code     2  stm32f1xx_hal_uart.o(i.HAL_UART_TxCpltCallback)
    HardFault_Handler                        0x080021a3   Thumb Code     2  stm32f1xx_it.o(i.HardFault_Handler)
    MX_DMA_Init                              0x080021a5   Thumb Code    40  dma.o(i.MX_DMA_Init)
    MX_FATFS_Init                            0x080021d1   Thumb Code    28  fatfs.o(i.MX_FATFS_Init)
    MX_GPIO_Init                             0x080021f9   Thumb Code    54  gpio.o(i.MX_GPIO_Init)
    MX_SDIO_SD_Init                          0x08002235   Thumb Code    24  sdio.o(i.MX_SDIO_SD_Init)
    MX_SPI1_Init                             0x08002255   Thumb Code    66  spi.o(i.MX_SPI1_Init)
    MX_USART1_UART_Init                      0x080022b1   Thumb Code    52  usart.o(i.MX_USART1_UART_Init)
    MemManage_Handler                        0x080022fd   Thumb Code     2  stm32f1xx_it.o(i.MemManage_Handler)
    NMI_Handler                              0x080022ff   Thumb Code     2  stm32f1xx_it.o(i.NMI_Handler)
    PendSV_Handler                           0x08002321   Thumb Code     2  stm32f1xx_it.o(i.PendSV_Handler)
    SDIO_DataConfig                          0x08002323   Thumb Code    36  stm32f1xx_ll_sdmmc.o(i.SDIO_DataConfig)
    SDIO_GetCommandResponse                  0x08002347   Thumb Code     6  stm32f1xx_ll_sdmmc.o(i.SDIO_GetCommandResponse)
    SDIO_GetPowerState                       0x0800234d   Thumb Code     8  stm32f1xx_ll_sdmmc.o(i.SDIO_GetPowerState)
    SDIO_GetResponse                         0x08002355   Thumb Code    12  stm32f1xx_ll_sdmmc.o(i.SDIO_GetResponse)
    SDIO_IRQHandler                          0x08002365   Thumb Code     6  stm32f1xx_it.o(i.SDIO_IRQHandler)
    SDIO_Init                                0x08002371   Thumb Code    36  stm32f1xx_ll_sdmmc.o(i.SDIO_Init)
    SDIO_PowerState_ON                       0x08002395   Thumb Code     8  stm32f1xx_ll_sdmmc.o(i.SDIO_PowerState_ON)
    SDIO_ReadFIFO                            0x0800239d   Thumb Code     6  stm32f1xx_ll_sdmmc.o(i.SDIO_ReadFIFO)
    SDIO_SendCommand                         0x080023a3   Thumb Code    32  stm32f1xx_ll_sdmmc.o(i.SDIO_SendCommand)
    SDIO_WriteFIFO                           0x080023c3   Thumb Code    10  stm32f1xx_ll_sdmmc.o(i.SDIO_WriteFIFO)
    SD_EraseTest                             0x0800259d   Thumb Code    84  main.o(i.SD_EraseTest)
    SD_Write_Read_Test                       0x08002c91   Thumb Code   116  main.o(i.SD_Write_Read_Test)
    SD_initialize                            0x08002d5d   Thumb Code    26  sd_diskio.o(i.SD_initialize)
    SD_ioctl                                 0x08002d7d   Thumb Code    74  sd_diskio.o(i.SD_ioctl)
    SD_read                                  0x08002dcd   Thumb Code    30  sd_diskio.o(i.SD_read)
    SD_status                                0x08002ded   Thumb Code    26  sd_diskio.o(i.SD_status)
    SD_write                                 0x08002e0d   Thumb Code    30  sd_diskio.o(i.SD_write)
    SVC_Handler                              0x08002e2b   Thumb Code     2  stm32f1xx_it.o(i.SVC_Handler)
    SysTick_Handler                          0x08002e2d   Thumb Code    14  stm32f1xx_it.o(i.SysTick_Handler)
    SystemClock_Config                       0x08002e3b   Thumb Code   104  main.o(i.SystemClock_Config)
    SystemInit                               0x08002ea5   Thumb Code    56  system_stm32f1xx.o(i.SystemInit)
    USART1_IRQHandler                        0x080031fd   Thumb Code     6  stm32f1xx_it.o(i.USART1_IRQHandler)
    USER_initialize                          0x08003209   Thumb Code    10  user_diskio.o(i.USER_initialize)
    USER_ioctl                               0x08003219   Thumb Code     4  user_diskio.o(i.USER_ioctl)
    USER_read                                0x0800321d   Thumb Code     4  user_diskio.o(i.USER_read)
    USER_status                              0x08003221   Thumb Code    10  user_diskio.o(i.USER_status)
    USER_write                               0x08003231   Thumb Code     4  user_diskio.o(i.USER_write)
    UsageFault_Handler                       0x08003235   Thumb Code     2  stm32f1xx_it.o(i.UsageFault_Handler)
    _Error_Handler                           0x08003237   Thumb Code     2  main.o(i._Error_Handler)
    __0printf$8                              0x08003239   Thumb Code    22  printf8.o(i.__0printf$8)
    __1printf$8                              0x08003239   Thumb Code     0  printf8.o(i.__0printf$8)
    __2printf                                0x08003239   Thumb Code     0  printf8.o(i.__0printf$8)
    __scatterload_copy                       0x08003259   Thumb Code    14  handlers.o(i.__scatterload_copy)
    __scatterload_null                       0x08003267   Thumb Code     2  handlers.o(i.__scatterload_null)
    __scatterload_zeroinit                   0x08003269   Thumb Code    14  handlers.o(i.__scatterload_zeroinit)
    eBuffercmp                               0x080036db   Thumb Code    24  main.o(i.eBuffercmp)
    fputc                                    0x080036f5   Thumb Code    20  usart.o(i.fputc)
    main                                     0x0800370d   Thumb Code   136  main.o(i.main)
    SD_Driver                                0x08003844   Data          20  sd_diskio.o(.constdata)
    AHBPrescTable                            0x08003858   Data          16  system_stm32f1xx.o(.constdata)
    APBPrescTable                            0x08003868   Data           8  system_stm32f1xx.o(.constdata)
    Region$$Table$$Base                      0x08003870   Number         0  anon$$obj.o(Region$$Table)
    Region$$Table$$Limit                     0x08003890   Number         0  anon$$obj.o(Region$$Table)
    retSD                                    0x20000001   Data           1  fatfs.o(.data)
    retUSER                                  0x20000002   Data           1  fatfs.o(.data)
    SD_Path                                  0x20000003   Data           4  fatfs.o(.data)
    USER_Path                                0x20000007   Data           4  fatfs.o(.data)
    sd_status                                0x2000000b   Data           1  main.o(.data)
    test_status                              0x2000000c   Data           1  main.o(.data)
    State                                    0x2000000d   Data           1  main.o(.data)
    USER_Driver                              0x20000010   Data          20  user_diskio.o(.data)
    SystemCoreClock                          0x20000024   Data           4  system_stm32f1xx.o(.data)
    uCRCErrorWorkaroundCheck                 0x2000002c   Data           1  stm32f1xx_hal_spi_ex.o(.data)
    __stdout                                 0x20000030   Data           4  stdout.o(.data)
    disk                                     0x20000034   Data          16  ff_gen_drv.o(.bss)
    huart1                                   0x20000044   Data          64  usart.o(.bss)
    hsd                                      0x20000084   Data          96  sdio.o(.bss)
    hdma_sdio                                0x200000e4   Data          56  sdio.o(.bss)
    SDCardInfo                               0x20000120   Data          88  sdio.o(.bss)
    hsdcard                                  0x20000178   Data          96  main.o(.bss)
    Buffer_Block_Tx                          0x200001d8   Data       16384  main.o(.bss)
    Buffer_Block_Rx                          0x200041d8   Data       16384  main.o(.bss)
    hspi1                                    0x200081d8   Data          88  spi.o(.bss)
    __initial_sp                             0x20008630   Data           0  startup_stm32f103xe.o(STACK)



==============================================================================

Memory Map of the image

  Image Entry point : 0x08000131

  Load Region LR_IROM1 (Base: 0x08000000, Size: 0x000038c4, Max: 0x00040000, ABSOLUTE)

    Execution Region ER_IROM1 (Base: 0x08000000, Size: 0x00003890, Max: 0x00040000, ABSOLUTE)

    Base Addr    Size         Type   Attr      Idx    E Section Name        Object

    0x08000000   0x00000130   Data   RO         1276    RESET               startup_stm32f103xe.o
    0x08000130   0x00000000   Code   RO         3052  * .ARM.Collect$$$$00000000  mc_w.l(entry.o)
    0x08000130   0x00000004   Code   RO         3320    .ARM.Collect$$$$00000001  mc_w.l(entry2.o)
    0x08000134   0x00000004   Code   RO         3323    .ARM.Collect$$$$00000004  mc_w.l(entry5.o)
    0x08000138   0x00000000   Code   RO         3325    .ARM.Collect$$$$00000008  mc_w.l(entry7b.o)
    0x08000138   0x00000000   Code   RO         3327    .ARM.Collect$$$$0000000A  mc_w.l(entry8b.o)
    0x08000138   0x00000008   Code   RO         3328    .ARM.Collect$$$$0000000B  mc_w.l(entry9a.o)
    0x08000140   0x00000000   Code   RO         3330    .ARM.Collect$$$$0000000D  mc_w.l(entry10a.o)
    0x08000140   0x00000000   Code   RO         3332    .ARM.Collect$$$$0000000F  mc_w.l(entry11a.o)
    0x08000140   0x00000004   Code   RO         3321    .ARM.Collect$$$$00002712  mc_w.l(entry2.o)
    0x08000144   0x00000024   Code   RO         1277    .text               startup_stm32f103xe.o
    0x08000168   0x00000020   Code   RO         3055    .text               mc_w.l(llushr.o)
    0x08000188   0x00000024   Code   RO         3057    .text               mc_w.l(memseta.o)
    0x080001ac   0x00000062   Code   RO         3337    .text               mc_w.l(uldiv.o)
    0x0800020e   0x00000002   PAD
    0x08000210   0x00000024   Code   RO         3350    .text               mc_w.l(init.o)
    0x08000234   0x0000001e   Code   RO         3352    .text               mc_w.l(llshl.o)
    0x08000252   0x00000002   PAD
    0x08000254   0x0000000c   Code   RO          900    i.BSP_SD_GetCardInfo  bsp_driver_sd.o
    0x08000260   0x0000000c   Code   RO          901    i.BSP_SD_GetStatus  bsp_driver_sd.o
    0x0800026c   0x0000003c   Code   RO          904    i.BSP_SD_Init       bsp_driver_sd.o
    0x080002a8   0x00000020   Code   RO          906    i.BSP_SD_ReadBlocks  bsp_driver_sd.o
    0x080002c8   0x00000020   Code   RO          908    i.BSP_SD_WriteBlocks  bsp_driver_sd.o
    0x080002e8   0x00000058   Code   RO          811    i.Buffercmp         main.o
    0x08000340   0x00000002   Code   RO         1145    i.BusFault_Handler  stm32f1xx_it.o
    0x08000342   0x00000002   PAD
    0x08000344   0x0000000c   Code   RO         1146    i.DMA2_Channel4_5_IRQHandler  stm32f1xx_it.o
    0x08000350   0x00000002   Code   RO         1147    i.DebugMon_Handler  stm32f1xx_it.o
    0x08000352   0x00000006   Code   RO          537    i.FATFS_LinkDriver  ff_gen_drv.o
    0x08000358   0x00000040   Code   RO          538    i.FATFS_LinkDriverEx  ff_gen_drv.o
    0x08000398   0x00000014   Code   RO          812    i.Fill_Buffer       main.o
    0x080003ac   0x000004b8   Code   RO         2165    i.HAL_DMA_IRQHandler  stm32f1xx_hal_dma.o
    0x08000864   0x00000050   Code   RO         2166    i.HAL_DMA_Init      stm32f1xx_hal_dma.o
    0x080008b4   0x00000016   Code   RO         1291    i.HAL_Delay         stm32f1xx_hal.o
    0x080008ca   0x00000002   PAD
    0x080008cc   0x000001e8   Code   RO         2956    i.HAL_GPIO_Init     stm32f1xx_hal_gpio.o
    0x08000ab4   0x0000000c   Code   RO         1295    i.HAL_GetTick       stm32f1xx_hal.o
    0x08000ac0   0x00000010   Code   RO         1296    i.HAL_IncTick       stm32f1xx_hal.o
    0x08000ad0   0x00000024   Code   RO         1297    i.HAL_Init          stm32f1xx_hal.o
    0x08000af4   0x00000022   Code   RO         1298    i.HAL_InitTick      stm32f1xx_hal.o
    0x08000b16   0x00000002   PAD
    0x08000b18   0x00000080   Code   RO         1003    i.HAL_MspInit       stm32f1xx_hal_msp.o
    0x08000b98   0x00000016   Code   RO         2027    i.HAL_NVIC_EnableIRQ  stm32f1xx_hal_cortex.o
    0x08000bae   0x00000002   PAD
    0x08000bb0   0x00000040   Code   RO         2033    i.HAL_NVIC_SetPriority  stm32f1xx_hal_cortex.o
    0x08000bf0   0x00000024   Code   RO         2034    i.HAL_NVIC_SetPriorityGrouping  stm32f1xx_hal_cortex.o
    0x08000c14   0x00000188   Code   RO         2720    i.HAL_RCC_ClockConfig  stm32f1xx_hal_rcc.o
    0x08000d9c   0x0000000c   Code   RO         2725    i.HAL_RCC_GetHCLKFreq  stm32f1xx_hal_rcc.o
    0x08000da8   0x00000030   Code   RO         2727    i.HAL_RCC_GetPCLK1Freq  stm32f1xx_hal_rcc.o
    0x08000dd8   0x00000030   Code   RO         2728    i.HAL_RCC_GetPCLK2Freq  stm32f1xx_hal_rcc.o
    0x08000e08   0x00000088   Code   RO         2729    i.HAL_RCC_GetSysClockFreq  stm32f1xx_hal_rcc.o
    0x08000e90   0x0000057e   Code   RO         2732    i.HAL_RCC_OscConfig  stm32f1xx_hal_rcc.o
    0x0800140e   0x00000002   PAD
    0x08001410   0x00000100   Code   RO         1425    i.HAL_SD_Erase      stm32f1xx_hal_sd.o
    0x08001510   0x0000001a   Code   RO         1427    i.HAL_SD_GetStatus  stm32f1xx_hal_sd.o
    0x0800152a   0x000002b8   Code   RO         1428    i.HAL_SD_Get_CardInfo  stm32f1xx_hal_sd.o
    0x080017e2   0x0000007c   Code   RO         1430    i.HAL_SD_IRQHandler  stm32f1xx_hal_sd.o
    0x0800185e   0x000000be   Code   RO         1431    i.HAL_SD_Init       stm32f1xx_hal_sd.o
    0x0800191c   0x000000b8   Code   RO          766    i.HAL_SD_MspInit    sdio.o
    0x080019d4   0x00000190   Code   RO         1434    i.HAL_SD_ReadBlocks  stm32f1xx_hal_sd.o
    0x08001b64   0x00000034   Code   RO         1437    i.HAL_SD_StopTransfer  stm32f1xx_hal_sd.o
    0x08001b98   0x00000080   Code   RO         1438    i.HAL_SD_WideBusOperation_Config  stm32f1xx_hal_sd.o
    0x08001c18   0x000001e8   Code   RO         1439    i.HAL_SD_WriteBlocks  stm32f1xx_hal_sd.o
    0x08001e00   0x00000002   Code   RO         1441    i.HAL_SD_XferCpltCallback  stm32f1xx_hal_sd.o
    0x08001e02   0x00000002   Code   RO         1442    i.HAL_SD_XferErrorCallback  stm32f1xx_hal_sd.o
    0x08001e04   0x00000088   Code   RO         1889    i.HAL_SPI_Init      stm32f1xx_hal_spi_ex.o
    0x08001e8c   0x00000058   Code   RO         1104    i.HAL_SPI_MspInit   spi.o
    0x08001ee4   0x00000018   Code   RO         2036    i.HAL_SYSTICK_CLKSourceConfig  stm32f1xx_hal_cortex.o
    0x08001efc   0x00000002   Code   RO         2037    i.HAL_SYSTICK_Callback  stm32f1xx_hal_cortex.o
    0x08001efe   0x00000028   Code   RO         2038    i.HAL_SYSTICK_Config  stm32f1xx_hal_cortex.o
    0x08001f26   0x00000008   Code   RO         2039    i.HAL_SYSTICK_IRQHandler  stm32f1xx_hal_cortex.o
    0x08001f2e   0x00000002   Code   RO         2494    i.HAL_UART_ErrorCallback  stm32f1xx_hal_uart.o
    0x08001f30   0x000000da   Code   RO         2497    i.HAL_UART_IRQHandler  stm32f1xx_hal_uart.o
    0x0800200a   0x0000005e   Code   RO         2498    i.HAL_UART_Init     stm32f1xx_hal_uart.o
    0x08002068   0x00000068   Code   RO          718    i.HAL_UART_MspInit  usart.o
    0x080020d0   0x00000002   Code   RO         2504    i.HAL_UART_RxCpltCallback  stm32f1xx_hal_uart.o
    0x080020d2   0x00000002   PAD
    0x080020d4   0x000000cc   Code   RO         2506    i.HAL_UART_Transmit  stm32f1xx_hal_uart.o
    0x080021a0   0x00000002   Code   RO         2509    i.HAL_UART_TxCpltCallback  stm32f1xx_hal_uart.o
    0x080021a2   0x00000002   Code   RO         1148    i.HardFault_Handler  stm32f1xx_it.o
    0x080021a4   0x0000002c   Code   RO         1027    i.MX_DMA_Init       dma.o
    0x080021d0   0x00000028   Code   RO          673    i.MX_FATFS_Init     fatfs.o
    0x080021f8   0x0000003c   Code   RO          646    i.MX_GPIO_Init      gpio.o
    0x08002234   0x00000020   Code   RO          767    i.MX_SDIO_SD_Init   sdio.o
    0x08002254   0x0000005c   Code   RO         1105    i.MX_SPI1_Init      spi.o
    0x080022b0   0x0000004c   Code   RO          719    i.MX_USART1_UART_Init  usart.o
    0x080022fc   0x00000002   Code   RO         1149    i.MemManage_Handler  stm32f1xx_it.o
    0x080022fe   0x00000002   Code   RO         1150    i.NMI_Handler       stm32f1xx_it.o
    0x08002300   0x00000020   Code   RO         2040    i.NVIC_SetPriority  stm32f1xx_hal_cortex.o
    0x08002320   0x00000002   Code   RO         1151    i.PendSV_Handler    stm32f1xx_it.o
    0x08002322   0x00000024   Code   RO         2857    i.SDIO_DataConfig   stm32f1xx_ll_sdmmc.o
    0x08002346   0x00000006   Code   RO         2858    i.SDIO_GetCommandResponse  stm32f1xx_ll_sdmmc.o
    0x0800234c   0x00000008   Code   RO         2861    i.SDIO_GetPowerState  stm32f1xx_ll_sdmmc.o
    0x08002354   0x00000010   Code   RO         2862    i.SDIO_GetResponse  stm32f1xx_ll_sdmmc.o
    0x08002364   0x0000000c   Code   RO         1152    i.SDIO_IRQHandler   stm32f1xx_it.o
    0x08002370   0x00000024   Code   RO         2863    i.SDIO_Init         stm32f1xx_ll_sdmmc.o
    0x08002394   0x00000008   Code   RO         2865    i.SDIO_PowerState_ON  stm32f1xx_ll_sdmmc.o
    0x0800239c   0x00000006   Code   RO         2866    i.SDIO_ReadFIFO     stm32f1xx_ll_sdmmc.o
    0x080023a2   0x00000020   Code   RO         2867    i.SDIO_SendCommand  stm32f1xx_ll_sdmmc.o
    0x080023c2   0x0000000a   Code   RO         2869    i.SDIO_WriteFIFO    stm32f1xx_ll_sdmmc.o
    0x080023cc   0x000000ec   Code   RO         1443    i.SD_CmdResp1Error  stm32f1xx_hal_sd.o
    0x080024b8   0x0000002e   Code   RO         1444    i.SD_CmdResp2Error  stm32f1xx_hal_sd.o
    0x080024e6   0x00000074   Code   RO         1445    i.SD_CmdResp6Error  stm32f1xx_hal_sd.o
    0x0800255a   0x00000040   Code   RO         1446    i.SD_CmdResp7Error  stm32f1xx_hal_sd.o
    0x0800259a   0x00000002   PAD
    0x0800259c   0x000000c8   Code   RO          813    i.SD_EraseTest      main.o
    0x08002664   0x0000011a   Code   RO         1451    i.SD_FindSCR        stm32f1xx_hal_sd.o
    0x0800277e   0x0000004a   Code   RO         1452    i.SD_GetState       stm32f1xx_hal_sd.o
    0x080027c8   0x000000fa   Code   RO         1453    i.SD_Initialize_Cards  stm32f1xx_hal_sd.o
    0x080028c2   0x00000002   PAD
    0x080028c4   0x00000144   Code   RO         1454    i.SD_IsCardProgramming  stm32f1xx_hal_sd.o
    0x08002a08   0x0000018c   Code   RO         1455    i.SD_PowerON        stm32f1xx_hal_sd.o
    0x08002b94   0x0000007c   Code   RO         1456    i.SD_WideBus_Disable  stm32f1xx_hal_sd.o
    0x08002c10   0x0000007e   Code   RO         1457    i.SD_WideBus_Enable  stm32f1xx_hal_sd.o
    0x08002c8e   0x00000002   PAD
    0x08002c90   0x000000cc   Code   RO          814    i.SD_Write_Read_Test  main.o
    0x08002d5c   0x00000020   Code   RO            4    i.SD_initialize     sd_diskio.o
    0x08002d7c   0x00000050   Code   RO            5    i.SD_ioctl          sd_diskio.o
    0x08002dcc   0x0000001e   Code   RO            6    i.SD_read           sd_diskio.o
    0x08002dea   0x00000002   PAD
    0x08002dec   0x00000020   Code   RO            7    i.SD_status         sd_diskio.o
    0x08002e0c   0x0000001e   Code   RO            8    i.SD_write          sd_diskio.o
    0x08002e2a   0x00000002   Code   RO         1153    i.SVC_Handler       stm32f1xx_it.o
    0x08002e2c   0x0000000e   Code   RO         1154    i.SysTick_Handler   stm32f1xx_it.o
    0x08002e3a   0x00000068   Code   RO          815    i.SystemClock_Config  main.o
    0x08002ea2   0x00000002   PAD
    0x08002ea4   0x00000048   Code   RO         1240    i.SystemInit        system_stm32f1xx.o
    0x08002eec   0x000000a8   Code   RO         2516    i.UART_Receive_IT   stm32f1xx_hal_uart.o
    0x08002f94   0x00000170   Code   RO         2517    i.UART_SetConfig    stm32f1xx_hal_uart.o
    0x08003104   0x00000066   Code   RO         2518    i.UART_Transmit_IT  stm32f1xx_hal_uart.o
    0x0800316a   0x00000092   Code   RO         2519    i.UART_WaitOnFlagUntilTimeout  stm32f1xx_hal_uart.o
    0x080031fc   0x0000000c   Code   RO         1155    i.USART1_IRQHandler  stm32f1xx_it.o
    0x08003208   0x00000010   Code   RO         1051    i.USER_initialize   user_diskio.o
    0x08003218   0x00000004   Code   RO         1052    i.USER_ioctl        user_diskio.o
    0x0800321c   0x00000004   Code   RO         1053    i.USER_read         user_diskio.o
    0x08003220   0x00000010   Code   RO         1054    i.USER_status       user_diskio.o
    0x08003230   0x00000004   Code   RO         1055    i.USER_write        user_diskio.o
    0x08003234   0x00000002   Code   RO         1156    i.UsageFault_Handler  stm32f1xx_it.o
    0x08003236   0x00000002   Code   RO          816    i._Error_Handler    main.o
    0x08003238   0x00000020   Code   RO         3266    i.__0printf$8       mc_w.l(printf8.o)
    0x08003258   0x0000000e   Code   RO         3360    i.__scatterload_copy  mc_w.l(handlers.o)
    0x08003266   0x00000002   Code   RO         3361    i.__scatterload_null  mc_w.l(handlers.o)
    0x08003268   0x0000000e   Code   RO         3362    i.__scatterload_zeroinit  mc_w.l(handlers.o)
    0x08003276   0x00000002   PAD
    0x08003278   0x00000410   Code   RO         3273    i._printf_core      mc_w.l(printf8.o)
    0x08003688   0x00000024   Code   RO         3274    i._printf_post_padding  mc_w.l(printf8.o)
    0x080036ac   0x0000002e   Code   RO         3275    i._printf_pre_padding  mc_w.l(printf8.o)
    0x080036da   0x00000018   Code   RO          817    i.eBuffercmp        main.o
    0x080036f2   0x00000002   PAD
    0x080036f4   0x00000018   Code   RO          720    i.fputc             usart.o
    0x0800370c   0x00000138   Code   RO          818    i.main              main.o
    0x08003844   0x00000014   Data   RO            9    .constdata          sd_diskio.o
    0x08003858   0x00000010   Data   RO         1241    .constdata          system_stm32f1xx.o
    0x08003868   0x00000008   Data   RO         1242    .constdata          system_stm32f1xx.o
    0x08003870   0x00000020   Data   RO         3358    Region$$Table       anon$$obj.o


    Execution Region RW_IRAM1 (Base: 0x20000000, Size: 0x00008630, Max: 0x0000c000, ABSOLUTE)

    Base Addr    Size         Type   Attr      Idx    E Section Name        Object

    0x20000000   0x00000001   Data   RW           10    .data               sd_diskio.o
    0x20000001   0x0000000a   Data   RW          675    .data               fatfs.o
    0x2000000b   0x00000003   Data   RW          820    .data               main.o
    0x2000000e   0x00000001   Data   RW         1056    .data               user_diskio.o
    0x2000000f   0x00000001   PAD
    0x20000010   0x00000014   Data   RW         1057    .data               user_diskio.o
    0x20000024   0x00000004   Data   RW         1243    .data               system_stm32f1xx.o
    0x20000028   0x00000004   Data   RW         1303    .data               stm32f1xx_hal.o
    0x2000002c   0x00000001   Data   RW         1891    .data               stm32f1xx_hal_spi_ex.o
    0x2000002d   0x00000003   PAD
    0x20000030   0x00000004   Data   RW         3334    .data               mc_w.l(stdout.o)
    0x20000034   0x00000010   Zero   RW          541    .bss                ff_gen_drv.o
    0x20000044   0x00000040   Zero   RW          721    .bss                usart.o
    0x20000084   0x00000098   Zero   RW          768    .bss                sdio.o
    0x2000011c   0x00000004   PAD
    0x20000120   0x00000058   Zero   RW          769    .bss                sdio.o
    0x20000178   0x00008060   Zero   RW          819    .bss                main.o
    0x200081d8   0x00000058   Zero   RW         1106    .bss                spi.o
    0x20008230   0x00000400   Zero   RW         1274    STACK               startup_stm32f103xe.o


==============================================================================

Image component sizes


      Code (inc. data)   RO Data    RW Data    ZI Data      Debug   Object Name

       148         32          0          0          0       3086   bsp_driver_sd.o
        44          4          0          0          0        714   dma.o
        40         12          0         10          0       1002   fatfs.o
        70          4          0          0         16       2775   ff_gen_drv.o
        60          6          0          0          0        767   gpio.o
       954        406          0          3      32864       5406   main.o
       204         18         20          1          0     499516   sd_diskio.o
       216         50          0          0        240       1618   sdio.o
       180         40          0          0         88       1553   spi.o
        36          8        304          0       1024        760   startup_stm32f103xe.o
       120         16          0          4          0       3534   stm32f1xx_hal.o
       228         14          0          0          0      27297   stm32f1xx_hal_cortex.o
      1288         20          0          0          0       2264   stm32f1xx_hal_dma.o
       488         42          0          0          0       2412   stm32f1xx_hal_gpio.o
       128         10          0          0          0        822   stm32f1xx_hal_msp.o
      2042         98          0          0          0       5752   stm32f1xx_hal_rcc.o
      4402         16          0          0          0      23847   stm32f1xx_hal_sd.o
       136          4          0          1          0       1326   stm32f1xx_hal_spi_ex.o
      1306          4          0          0          0       7743   stm32f1xx_hal_uart.o
        66         18          0          0          0       4985   stm32f1xx_it.o
       158          4          0          0          0       5581   stm32f1xx_ll_sdmmc.o
        72         16         24          4          0       1119   system_stm32f1xx.o
       204         40          0          0         64       2086   usart.o
        44         12          0         21          0       2904   user_diskio.o

    ----------------------------------------------------------------------
     12658        894        380         48      34300     608869   Object Totals
         0          0         32          0          0          0   (incl. Generated)
        24          0          0          4          4          0   (incl. Padding)

    ----------------------------------------------------------------------

      Code (inc. data)   RO Data    RW Data    ZI Data      Debug   Library Member Name

         0          0          0          0          0          0   entry.o
         0          0          0          0          0          0   entry10a.o
         0          0          0          0          0          0   entry11a.o
         8          4          0          0          0          0   entry2.o
         4          0          0          0          0          0   entry5.o
         0          0          0          0          0          0   entry7b.o
         0          0          0          0          0          0   entry8b.o
         8          4          0          0          0          0   entry9a.o
        30          0          0          0          0          0   handlers.o
        36          8          0          0          0         68   init.o
        30          0          0          0          0         68   llshl.o
        32          0          0          0          0         68   llushr.o
        36          0          0          0          0        108   memseta.o
      1154         54          0          0          0        352   printf8.o
         0          0          0          4          0          0   stdout.o
        98          0          0          0          0         92   uldiv.o

    ----------------------------------------------------------------------
      1442         70          0          4          0        756   Library Totals
         6          0          0          0          0          0   (incl. Padding)

    ----------------------------------------------------------------------

      Code (inc. data)   RO Data    RW Data    ZI Data      Debug   Library Name

      1436         70          0          4          0        756   mc_w.l

    ----------------------------------------------------------------------
      1442         70          0          4          0        756   Library Totals

    ----------------------------------------------------------------------

==============================================================================


      Code (inc. data)   RO Data    RW Data    ZI Data      Debug   

     14100        964        380         52      34300     603849   Grand Totals
     14100        964        380         52      34300     603849   ELF Image Totals
     14100        964        380         52          0          0   ROM Totals

==============================================================================

    Total RO  Size (Code + RO Data)                14480 (  14.14kB)
    Total RW  Size (RW Data + ZI Data)             34352 (  33.55kB)
    Total ROM Size (Code + RO Data + RW Data)      14532 (  14.19kB)

==============================================================================

